   1: variable x,y;
   2: parameter b;
   3: function y=3.01*(x^b);
   4: Plot xlabel="x-Achse",ylabel="y-Achse";
   5: data;

Beginning computation...
Stopped due to: Both parameter and relative function convergence.


   ----  Final Results  ----

NLREG version 5.4
Copyright (c) 1992-2002 Phillip H. Sherrod.  All rights reserved.
This is a registered copy of NLREG that may not be redistributed.

Number of observations = 6
Maximum allowed number of iterations = 500
Convergence tolerance factor = 1.000000E-010
Stopped due to: Both parameter and relative function convergence.
Number of iterations performed = 9
Final sum of squared deviations = 9.0013402E-002
Final sum of deviations = -1.5224215E-001
Standard error of estimate = 0.134174
Average deviation = 0.100687
Maximum deviation for any observation = 0.18065
Proportion of variance explained (R^2) = 0.0187  (1.87%)
Adjusted coefficient of multiple determination (Ra^2) = 0.0187  (1.87%)
Durbin-Watson test for autocorrelation = 1.253
Parameter values will be written to C:\Users\peleg\OneDrive\doktorát\experiment_disertace\výsledky\fin_výsl\syntax\typ2\VKF2\dop_VKF2\vysl_trunc_VKF2_dop\param_trunc_VKF2_dop_slouè.par
Analysis completed  4-Jan-2023 19:54.  Runtime = 0.00 seconds.


             ----  Descriptive Statistics for Variables  ----

 Variable    Minimum value   Maximum value    Mean value     Standard dev.
----------  --------------  --------------  --------------  --------------
         x               1            6.62        3.603333        2.045499
         y            2.67            3.01        2.796667       0.1354499


                   ----  Calculated Parameter Values  ----

 Parameter  Initial guess   Final estimate   Standard error      t      Prob(t)
----------  -------------  ----------------  --------------  ---------  -------
         b              1     -0.0585417263      0.01561739      -3.75  0.01331

