   1: variable x,y;
   2: parameter b;
   3: function y=2.96*(x^b);
   4: Plot xlabel="x-Achse",ylabel="y-Achse";
   5: data;

Beginning computation...
Stopped due to: Both parameter and relative function convergence.


   ----  Final Results  ----

NLREG version 5.4
Copyright (c) 1992-2002 Phillip H. Sherrod.  All rights reserved.
This is a registered copy of NLREG that may not be redistributed.

Number of observations = 12
Maximum allowed number of iterations = 500
Convergence tolerance factor = 1.000000E-010
Stopped due to: Both parameter and relative function convergence.
Number of iterations performed = 11
Final sum of squared deviations = 3.3516659E-002
Final sum of deviations = -1.5598848E-001
Standard error of estimate = 0.0551994
Average deviation = 0.0466179
Maximum deviation for any observation = 0.0887754
Parameter values will be written to C:\Users\peleg\OneDrive\doktorát\experiment_disertace\výsledky\fin_výsl\zvukové_jednotky\KTS\vše_KTS\tokens_vše_KTS\vysl_trunc_KTS_tokens_vše\param_trunc_tokens_vše_slouè.par
Analysis completed 23-Feb-2023 12:05.  Runtime = 0.00 seconds.


             ----  Descriptive Statistics for Variables  ----

 Variable    Minimum value   Maximum value    Mean value     Standard dev.
----------  --------------  --------------  --------------  --------------
         x               1            14.5        6.708333        4.002603
         y            2.82            2.96        2.869167       0.0435803


                   ----  Calculated Parameter Values  ----

 Parameter  Initial guess   Final estimate   Standard error      t      Prob(t)
----------  -------------  ----------------  --------------  ---------  -------
         b              1     -0.0158901405     0.003029092      -5.25  0.00027

