   1: variable x,y;
   2: parameter b;
   3: function y=1.77*(x^b);
   4: Plot xlabel="x-Achse",ylabel="y-Achse";
   5: data;

Beginning computation...
Stopped due to: Relative function convergence.


   ----  Final Results  ----

NLREG version 5.4
Copyright (c) 1992-2002 Phillip H. Sherrod.  All rights reserved.
This is a registered copy of NLREG that may not be redistributed.

Number of observations = 8
Maximum allowed number of iterations = 500
Convergence tolerance factor = 1.000000E-010
Stopped due to: Relative function convergence.
Number of iterations performed = 9
Final sum of squared deviations = 1.2128685E-002
Final sum of deviations = 1.1491634E-002
Standard error of estimate = 0.0416253
Average deviation = 0.0318706
Maximum deviation for any observation = 0.0716802
Parameter values will be written to C:\Users\peleg\OneDrive\doktorát\experiment_disertace\výsledky\fin_výsl\syntax\typ2\KFS2\vše_KFS2\vysl_trunc_KFS2_vše\param_trunc_KFS2_vše_slouè.par
Analysis completed  9-Mar-2023 15:06.  Runtime = 0.00 seconds.


             ----  Descriptive Statistics for Variables  ----

 Variable    Minimum value   Maximum value    Mean value     Standard dev.
----------  --------------  --------------  --------------  --------------
         x               1            9.88           4.735        2.884753
         y            1.71            1.82         1.78125      0.04155461


                   ----  Calculated Parameter Values  ----

 Parameter  Initial guess   Final estimate   Standard error      t      Prob(t)
----------  -------------  ----------------  --------------  ---------  -------
         b              1     0.00408671861      0.00543541       0.75  0.47664

