   1: variable x,y;
   2: parameter b;
   3: function y=2.53*(x^b);
   4: Plot xlabel="x-Achse",ylabel="y-Achse";
   5: data;

Beginning computation...
Stopped due to: Both parameter and relative function convergence.


   ----  Final Results  ----

NLREG version 5.4
Copyright (c) 1992-2002 Phillip H. Sherrod.  All rights reserved.
This is a registered copy of NLREG that may not be redistributed.

Number of observations = 5
Maximum allowed number of iterations = 500
Convergence tolerance factor = 1.000000E-010
Stopped due to: Both parameter and relative function convergence.
Number of iterations performed = 10
Final sum of squared deviations = 1.5000004E-001
Final sum of deviations = 2.5780957E-001
Standard error of estimate = 0.193649
Average deviation = 0.12558
Maximum deviation for any observation = 0.325922
Proportion of variance explained (R^2) = 0.0005  (0.05%)
Adjusted coefficient of multiple determination (Ra^2) = 0.0005  (0.05%)
Durbin-Watson test for autocorrelation = 1.384
Parameter values will be written to C:\Users\peleg\OneDrive\doktorát\experiment_disertace\výsledky\fin_výsl\syntax\typ2\VKF2\poh_VKF2\vysl_trunc_VKF2_poh\param_trunc_VKF2_poh_03.par
Analysis completed  4-Jan-2023 19:54.  Runtime = 0.00 seconds.


             ----  Descriptive Statistics for Variables  ----

 Variable    Minimum value   Maximum value    Mean value     Standard dev.
----------  --------------  --------------  --------------  --------------
         x               1            7.16           3.432        2.364978
         y             2.3            2.84           2.558       0.1937008


                   ----  Calculated Parameter Values  ----

 Parameter  Initial guess   Final estimate   Standard error      t      Prob(t)
----------  -------------  ----------------  --------------  ---------  -------
         b              1    -0.00910781802      0.02838776      -0.32  0.76440

