   1: variable x,y;
   2: parameter a,b,c;
   3: function y=a*(x^b)*exp(c*x);
   4: Plot xlabel="x-Achse",ylabel="y-Achse";
   5: data;

Beginning computation...
Stopped due to: Relative function convergence.


   ----  Final Results  ----

NLREG version 5.4
Copyright (c) 1992-2002 Phillip H. Sherrod.  All rights reserved.
This is a registered copy of NLREG that may not be redistributed.

Number of observations = 6
Maximum allowed number of iterations = 500
Convergence tolerance factor = 1.000000E-010
Stopped due to: Relative function convergence.
Number of iterations performed = 19
Final sum of squared deviations = 5.7910615E-001
Final sum of deviations = 7.2970866E-004
Standard error of estimate = 0.439358
Average deviation = 0.238606
Maximum deviation for any observation = 0.532079
Proportion of variance explained (R^2) = 0.7255  (72.55%)
Adjusted coefficient of multiple determination (Ra^2) = 0.5425  (54.25%)
Durbin-Watson test for autocorrelation = 2.297
Parameter values will be written to C:\Users\peleg\OneDrive\doktorát\experiment_disertace\výsledky\fin_výsl\syntax\typ1\VKS1\poh_VKS1\vysl_compl_VKS1_poh\param_compl_VKS1_poh_09.par
Analysis completed  4-Jan-2023 19:48.  Runtime = 0.00 seconds.


             ----  Descriptive Statistics for Variables  ----

 Variable    Minimum value   Maximum value    Mean value     Standard dev.
----------  --------------  --------------  --------------  --------------
         x               1            7.56            3.76        2.337862
         y            5.44            7.43        6.363333       0.6495742


                   ----  Calculated Parameter Values  ----

 Parameter  Initial guess   Final estimate   Standard error      t      Prob(t)
----------  -------------  ----------------  --------------  ---------  -------
         a              1        6.67973719       0.3575294      18.68  0.00033
         b              1      -0.367104388       0.1338547      -2.74  0.07119
         c              1      0.0971073081      0.04183703       2.32  0.10298


                  ----  Analysis of Variance  ----

  Source     DF   Sum of Squares    Mean Square    F value   Prob(F)
----------  ----  --------------  --------------  ---------  -------
Regression     2        1.530627       0.7653136       3.96  0.14381
Error          3       0.5791061       0.1930354
Total          5        2.109733

