   1: variable x,y;
   2: parameter a,b;
   3: function y=a*(x^b);
   4: Plot xlabel="x-Achse",ylabel="y-Achse";
   5: data;

Beginning computation...
Stopped due to: Relative function convergence.


   ----  Final Results  ----

NLREG version 5.4
Copyright (c) 1992-2002 Phillip H. Sherrod.  All rights reserved.
This is a registered copy of NLREG that may not be redistributed.

Number of observations = 3
Maximum allowed number of iterations = 500
Convergence tolerance factor = 1.000000E-010
Stopped due to: Relative function convergence.
Number of iterations performed = 12
Final sum of squared deviations = 5.9678752E-003
Final sum of deviations = 2.9643052E-006
Standard error of estimate = 0.077252
Average deviation = 0.0416753
Maximum deviation for any observation = 0.0625114
Proportion of variance explained (R^2) = 0.2007  (20.07%)
Adjusted coefficient of multiple determination (Ra^2) = -0.5985  (-59.85%)
Durbin-Watson test for autocorrelation = 2.964
Parameter values will be written to C:\Users\peleg\OneDrive\doktorát\experiment_disertace\výsledky\fin_výsl\syntax\typ1\KSM1_oprava\stud_KSM1\vysl_trunc_KSM1_stud\param_trunc_KSM1_stud_02.par
Analysis completed  5-Apr-2023 12:16.  Runtime = 0.00 seconds.


             ----  Descriptive Statistics for Variables  ----

 Variable    Minimum value   Maximum value    Mean value     Standard dev.
----------  --------------  --------------  --------------  --------------
         x            4.82           15.79        9.416667        5.696721
         y            2.66            2.78        2.726667      0.06110101


                   ----  Calculated Parameter Values  ----

 Parameter  Initial guess   Final estimate   Standard error      t      Prob(t)
----------  -------------  ----------------  --------------  ---------  -------
         a              1        2.63078581       0.1921326      13.69  0.04641
         b              1      0.0168546357      0.03341791       0.50  0.70262


                  ----  Analysis of Variance  ----

  Source     DF   Sum of Squares    Mean Square    F value   Prob(F)
----------  ----  --------------  --------------  ---------  -------
Regression     1     0.001498791     0.001498791       0.25  0.70425
Error          1     0.005967875     0.005967875
Total          2     0.007466667

