   1: variable x,y;
   2: parameter a,b,c;
   3: function y=a*(x^b)*exp(c*x);
   4: Plot xlabel="x-Achse",ylabel="y-Achse";
   5: data;

Beginning computation...
Stopped due to: Both parameter and relative function convergence.


   ----  Final Results  ----

NLREG version 5.4
Copyright (c) 1992-2002 Phillip H. Sherrod.  All rights reserved.
This is a registered copy of NLREG that may not be redistributed.

Number of observations = 5
Maximum allowed number of iterations = 500
Convergence tolerance factor = 1.000000E-010
Stopped due to: Both parameter and relative function convergence.
Number of iterations performed = 15
Final sum of squared deviations = 3.9928670E-003
Final sum of deviations = 1.0477147E-003
Standard error of estimate = 0.0446815
Average deviation = 0.0226647
Maximum deviation for any observation = 0.0526201
Proportion of variance explained (R^2) = 0.9985  (99.85%)
Adjusted coefficient of multiple determination (Ra^2) = 0.9970  (99.70%)
Durbin-Watson test for autocorrelation = 2.752
Parameter values will be written to C:\Users\peleg\OneDrive\doktorát\experiment_disertace\výsledky\fin_výsl\slovo_morfém_foném_oprava\poh_SMF\types_poh_SMF\vysl_compl_SMF_types_poh\param_compl_types_poh_08.par
Analysis completed  2-Apr-2023 17:16.  Runtime = 0.00 seconds.


             ----  Descriptive Statistics for Variables  ----

 Variable    Minimum value   Maximum value    Mean value     Standard dev.
----------  --------------  --------------  --------------  --------------
         x               1            5.17           3.034        1.635781
         y            1.66            3.67           2.278       0.8169272


                   ----  Calculated Parameter Values  ----

 Parameter  Initial guess   Final estimate   Standard error      t      Prob(t)
----------  -------------  ----------------  --------------  ---------  -------
         a              1        3.13744118      0.08240491      38.07  0.00069
         b              1      -0.866872761       0.0622801     -13.92  0.00512
         c              1       0.155539314      0.02710922       5.74  0.02906


                  ----  Analysis of Variance  ----

  Source     DF   Sum of Squares    Mean Square    F value   Prob(F)
----------  ----  --------------  --------------  ---------  -------
Regression     2        2.665487        1.332744     667.56  0.00150
Error          2     0.003992867     0.001996433
Total          4         2.66948

