   1: variable x,y;
   2: parameter a,b,c;
   3: function y=a*(x^b)*exp(c*x);
   4: Plot xlabel="x-Achse",ylabel="y-Achse";
   5: data;

Beginning computation...
Stopped due to: Relative function convergence.


   ----  Final Results  ----

NLREG version 5.4
Copyright (c) 1992-2002 Phillip H. Sherrod.  All rights reserved.
This is a registered copy of NLREG that may not be redistributed.

Number of observations = 6
Maximum allowed number of iterations = 500
Convergence tolerance factor = 1.000000E-010
Stopped due to: Relative function convergence.
Number of iterations performed = 15
Final sum of squared deviations = 5.5737728E-003
Final sum of deviations = 1.3521226E-003
Standard error of estimate = 0.0431036
Average deviation = 0.0279048
Maximum deviation for any observation = 0.0443935
Proportion of variance explained (R^2) = 0.9975  (99.75%)
Adjusted coefficient of multiple determination (Ra^2) = 0.9959  (99.59%)
Durbin-Watson test for autocorrelation = 1.904
Parameter values will be written to C:\Users\peleg\OneDrive\doktorát\experiment_disertace\výsledky\fin_výsl\slovo_morfém_foném_oprava\poh_SMF\types_poh_SMF\vysl_compl_SMF_types_poh\param_compl_types_poh_02.par
Analysis completed  2-Apr-2023 17:15.  Runtime = 0.00 seconds.


             ----  Descriptive Statistics for Variables  ----

 Variable    Minimum value   Maximum value    Mean value     Standard dev.
----------  --------------  --------------  --------------  --------------
         x               1               6             3.5        1.870829
         y            1.53            3.33        2.053333       0.6701244


                   ----  Calculated Parameter Values  ----

 Parameter  Initial guess   Final estimate   Standard error      t      Prob(t)
----------  -------------  ----------------  --------------  ---------  -------
         a              1        2.98907034      0.06038848      49.50  0.00002
         b              1      -0.714368246       0.0518663     -13.77  0.00083
         c              1       0.105850689      0.02045297       5.18  0.01400


                  ----  Analysis of Variance  ----

  Source     DF   Sum of Squares    Mean Square    F value   Prob(F)
----------  ----  --------------  --------------  ---------  -------
Regression     2         2.23976         1.11988     602.76  0.00012
Error          3     0.005573773     0.001857924
Total          5        2.245333

