   1: variable x,y;
   2: parameter a,b,c;
   3: function y=a*(x^b)*exp(c*x);
   4: Plot xlabel="x-Achse",ylabel="y-Achse";
   5: data;

Beginning computation...
Stopped due to: Relative function convergence.


   ----  Final Results  ----

NLREG version 5.4
Copyright (c) 1992-2002 Phillip H. Sherrod.  All rights reserved.
This is a registered copy of NLREG that may not be redistributed.

Number of observations = 5
Maximum allowed number of iterations = 500
Convergence tolerance factor = 1.000000E-010
Stopped due to: Relative function convergence.
Number of iterations performed = 20
Final sum of squared deviations = 8.3267604E-001
Final sum of deviations = 1.4231590E-002
Standard error of estimate = 0.645243
Average deviation = 0.327225
Maximum deviation for any observation = 0.772063
Proportion of variance explained (R^2) = 0.9484  (94.84%)
Adjusted coefficient of multiple determination (Ra^2) = 0.8968  (89.68%)
Durbin-Watson test for autocorrelation = 2.912
Parameter values will be written to C:\Users\peleg\OneDrive\doktorát\experiment_disertace\výsledky\fin_výsl\syntax\typ3\VFS3\studVFS3\vysl_compl_VFS3_stud\param_compl_VFS3_stud_04.par
Analysis completed  4-Jan-2023 19:59.  Runtime = 0.00 seconds.


             ----  Descriptive Statistics for Variables  ----

 Variable    Minimum value   Maximum value    Mean value     Standard dev.
----------  --------------  --------------  --------------  --------------
         x            1.79            6.27           4.012        1.734667
         y            3.54            8.72            5.32        2.008793


                   ----  Calculated Parameter Values  ----

 Parameter  Initial guess   Final estimate   Standard error      t      Prob(t)
----------  -------------  ----------------  --------------  ---------  -------
         a              1        13.3709626        1.754179       7.62  0.01678
         b              1       -1.40026876        0.654546      -2.14  0.16580
         c              1       0.213230313       0.1992282       1.07  0.39653


                  ----  Analysis of Variance  ----

  Source     DF   Sum of Squares    Mean Square    F value   Prob(F)
----------  ----  --------------  --------------  ---------  -------
Regression     2        15.30832        7.654162      18.38  0.05159
Error          2        0.832676        0.416338
Total          4          16.141

