   1: variable x,y;
   2: parameter a,b,c;
   3: function y=a*(x^b)*exp(c*x);
   4: Plot xlabel="x-Achse",ylabel="y-Achse";
   5: data;

Beginning computation...
Stopped due to: Both parameter and relative function convergence.


   ----  Final Results  ----

NLREG version 5.4
Copyright (c) 1992-2002 Phillip H. Sherrod.  All rights reserved.
This is a registered copy of NLREG that may not be redistributed.

Number of observations = 7
Maximum allowed number of iterations = 500
Convergence tolerance factor = 1.000000E-010
Stopped due to: Both parameter and relative function convergence.
Number of iterations performed = 20
Final sum of squared deviations = 3.3654986E-003
Final sum of deviations = 6.9421345E-004
Standard error of estimate = 0.0290065
Average deviation = 0.0187228
Maximum deviation for any observation = 0.0362416
Proportion of variance explained (R^2) = 0.9973  (99.73%)
Adjusted coefficient of multiple determination (Ra^2) = 0.9959  (99.59%)
Durbin-Watson test for autocorrelation = 1.863
Parameter values will be written to C:\Users\peleg\OneDrive\doktorát\experiment_disertace\výsledky\fin_výsl\slovo_slabika_foném\vše_SSF\types_vše_SSF\vysl_compl_SSF_types_vše\param_compl_types_vše_slouè.par
Analysis completed  9-Mar-2023 13:17.  Runtime = 0.00 seconds.


             ----  Descriptive Statistics for Variables  ----

 Variable    Minimum value   Maximum value    Mean value     Standard dev.
----------  --------------  --------------  --------------  --------------
         x               1            7.21            4.03        2.209744
         y            2.14            3.42        2.471429       0.4552446


                   ----  Calculated Parameter Values  ----

 Parameter  Initial guess   Final estimate   Standard error      t      Prob(t)
----------  -------------  ----------------  --------------  ---------  -------
         a              1        3.20225742      0.02785082     114.98  0.00001
         b              1      -0.427722782      0.02303317     -18.57  0.00005
         c              1      0.0622388115     0.007777338       8.00  0.00132


                  ----  Analysis of Variance  ----

  Source     DF   Sum of Squares    Mean Square    F value   Prob(F)
----------  ----  --------------  --------------  ---------  -------
Regression     2         1.24012       0.6200601     736.96  0.00001
Error          4     0.003365499    0.0008413746
Total          6        1.243486

