   1: variable x,y;
   2: parameter b;
   3: function y=4.1*(x^b);
   4: Plot xlabel="x-Achse",ylabel="y-Achse";
   5: data;

Beginning computation...
Stopped due to: Both parameter and relative function convergence.


   ----  Final Results  ----

NLREG version 5.4
Copyright (c) 1992-2002 Phillip H. Sherrod.  All rights reserved.
This is a registered copy of NLREG that may not be redistributed.

Number of observations = 7
Maximum allowed number of iterations = 500
Convergence tolerance factor = 1.000000E-010
Stopped due to: Both parameter and relative function convergence.
Number of iterations performed = 11
Final sum of squared deviations = 2.1363962E-001
Final sum of deviations = -1.0058909E-001
Standard error of estimate = 0.188697
Average deviation = 0.145722
Maximum deviation for any observation = 0.284615
Proportion of variance explained (R^2) = 0.9553  (95.53%)
Adjusted coefficient of multiple determination (Ra^2) = 0.9553  (95.53%)
Durbin-Watson test for autocorrelation = 0.716
This Durbin-Watson value indicates autocorrelation or inappropriate function.
Parameter values will be written to C:\Users\peleg\OneDrive\doktorát\experiment_disertace\výsledky\fin_výsl\slovo_morfém_foném_oprava\poh_SMF\types_poh_SMF\vysl_trunc_SMF_types_poh\param_trunc_types_poh_09.par
Analysis completed  2-Apr-2023 17:16.  Runtime = 0.00 seconds.


             ----  Descriptive Statistics for Variables  ----

 Variable    Minimum value   Maximum value    Mean value     Standard dev.
----------  --------------  --------------  --------------  --------------
         x               1            7.09        4.012857        2.181244
         y             1.6             4.1        2.195714       0.8929512


                   ----  Calculated Parameter Values  ----

 Parameter  Initial guess   Final estimate   Standard error      t      Prob(t)
----------  -------------  ----------------  --------------  ---------  -------
         b              1      -0.563336388       0.0307214     -18.34  0.00001

