   1: variable x,y;
   2: parameter b;
   3: function y=2.54*(x^b);
   4: Plot xlabel="x-Achse",ylabel="y-Achse";
   5: data;

Beginning computation...
Stopped due to: Relative function convergence.


   ----  Final Results  ----

NLREG version 5.4
Copyright (c) 1992-2002 Phillip H. Sherrod.  All rights reserved.
This is a registered copy of NLREG that may not be redistributed.

Number of observations = 7
Maximum allowed number of iterations = 500
Convergence tolerance factor = 1.000000E-010
Stopped due to: Relative function convergence.
Number of iterations performed = 9
Final sum of squared deviations = 1.1877506E-001
Final sum of deviations = -1.7199873E-001
Standard error of estimate = 0.140698
Average deviation = 0.0922714
Maximum deviation for any observation = 0.292249
Proportion of variance explained (R^2) = 0.7931  (79.31%)
Adjusted coefficient of multiple determination (Ra^2) = 0.7931  (79.31%)
Durbin-Watson test for autocorrelation = 1.383
Parameter values will be written to C:\Users\peleg\OneDrive\doktorát\experiment_disertace\výsledky\fin_výsl\slovo_morfém_foném_oprava\poh_SMF\tokens_poh_SMF\vysl_trunc_SMF_tokens_poh\param_trunc_tokens_poh_05.par
Analysis completed  2-Apr-2023 17:15.  Runtime = 0.00 seconds.


             ----  Descriptive Statistics for Variables  ----

 Variable    Minimum value   Maximum value    Mean value     Standard dev.
----------  --------------  --------------  --------------  --------------
         x               1             7.5        4.071429        2.280873
         y            1.65            2.54        1.864286       0.3093465


                   ----  Calculated Parameter Values  ----

 Parameter  Initial guess   Final estimate   Standard error      t      Prob(t)
----------  -------------  ----------------  --------------  ---------  -------
         b              1      -0.252452267      0.02280021     -11.07  0.00003

