   1: variable x,y;
   2: parameter b;
   3: function y=2.6*(x^b);
   4: Plot xlabel="x-Achse",ylabel="y-Achse";
   5: data;

Beginning computation...
Stopped due to: Both parameter and relative function convergence.


   ----  Final Results  ----

NLREG version 5.4
Copyright (c) 1992-2002 Phillip H. Sherrod.  All rights reserved.
This is a registered copy of NLREG that may not be redistributed.

Number of observations = 6
Maximum allowed number of iterations = 500
Convergence tolerance factor = 1.000000E-010
Stopped due to: Both parameter and relative function convergence.
Number of iterations performed = 9
Final sum of squared deviations = 1.5799362E-002
Final sum of deviations = -4.8281415E-002
Standard error of estimate = 0.0562127
Average deviation = 0.0381504
Maximum deviation for any observation = 0.100048
Proportion of variance explained (R^2) = 0.9787  (97.87%)
Adjusted coefficient of multiple determination (Ra^2) = 0.9787  (97.87%)
Durbin-Watson test for autocorrelation = 1.743
Parameter values will be written to C:\Users\peleg\OneDrive\doktorát\experiment_disertace\výsledky\fin_výsl\slovo_morfém_foném_oprava\poh_SMF\tokens_poh_SMF\vysl_trunc_SMF_tokens_poh\param_trunc_tokens_poh_06.par
Analysis completed  2-Apr-2023 17:15.  Runtime = 0.00 seconds.


             ----  Descriptive Statistics for Variables  ----

 Variable    Minimum value   Maximum value    Mean value     Standard dev.
----------  --------------  --------------  --------------  --------------
         x               1            6.11        3.518333        1.900531
         y            1.54             2.6        1.891667       0.3855083


                   ----  Calculated Parameter Values  ----

 Parameter  Initial guess   Final estimate   Standard error      t      Prob(t)
----------  -------------  ----------------  --------------  ---------  -------
         b              1      -0.301235705      0.01101023     -27.36  0.00001

