   1: variable x,y;
   2: parameter b;
   3: function y=1.97*(x^b);
   4: Plot xlabel="x-Achse",ylabel="y-Achse";
   5: data;

Beginning computation...
Stopped due to: Relative function convergence.


   ----  Final Results  ----

NLREG version 5.4
Copyright (c) 1992-2002 Phillip H. Sherrod.  All rights reserved.
This is a registered copy of NLREG that may not be redistributed.

Number of observations = 10
Maximum allowed number of iterations = 500
Convergence tolerance factor = 1.000000E-010
Stopped due to: Relative function convergence.
Number of iterations performed = 11
Final sum of squared deviations = 4.0631908E-002
Final sum of deviations = 3.3921875E-003
Standard error of estimate = 0.0671912
Average deviation = 0.0506428
Maximum deviation for any observation = 0.133036
Proportion of variance explained (R^2) = 0.7247  (72.47%)
Adjusted coefficient of multiple determination (Ra^2) = 0.7247  (72.47%)
Durbin-Watson test for autocorrelation = 2.334
Parameter values will be written to C:\Users\peleg\OneDrive\doktorát\experiment_disertace\výsledky\fin_výsl\syntax\typ3\FSM3_oprava\poh_FSM3\vysl_trunc_FSM3_poh\param_trunc_FSM3_poh_02.par
Analysis completed  3-Apr-2023 13:33.  Runtime = 0.00 seconds.


             ----  Descriptive Statistics for Variables  ----

 Variable    Minimum value   Maximum value    Mean value     Standard dev.
----------  --------------  --------------  --------------  --------------
         x               1           24.62           7.896        7.111617
         y            1.97            2.32            2.16       0.1280625


                   ----  Calculated Parameter Values  ----

 Parameter  Initial guess   Final estimate   Standard error      t      Prob(t)
----------  -------------  ----------------  --------------  ---------  -------
         b              1      0.0534478996     0.004927419      10.85  0.00001

