   1: variable x,y;
   2: parameter a,b,c;
   3: function y=a*(x^b)*exp(-c*x);
   4: Plot xlabel="x-Achse",ylabel="y-Achse";
   5: data;

Beginning computation...
Stopped due to: Relative function convergence.


   ----  Final Results  ----

NLREG version 5.4
Copyright (c) 1992-2002 Phillip H. Sherrod.  All rights reserved.
This is a registered copy of NLREG that may not be redistributed.

Number of observations = 7
Maximum allowed number of iterations = 500
Convergence tolerance factor = 1.000000E-010
Stopped due to: Relative function convergence.
Number of iterations performed = 13
Final sum of squared deviations = 7.6106376E-002
Final sum of deviations = -5.1608144E-004
Standard error of estimate = 0.137937
Average deviation = 0.0976765
Maximum deviation for any observation = 0.17313
Proportion of variance explained (R^2) = 0.4629  (46.29%)
Adjusted coefficient of multiple determination (Ra^2) = 0.1943  (19.43%)
Durbin-Watson test for autocorrelation = 1.640
Parameter values will be written to C:\Users\peleg\OneDrive\doktorát\experiment_disertace\výsledky\fin_výsl\syntax\typ2\FSM2\poh_FSM2\vysl_compl_FSM2_poh_minus_c\param_compl_FSM2_poh_07_minus_c.par
Analysis completed 13-Apr-2023 16:00.  Runtime = 0.00 seconds.


             ----  Descriptive Statistics for Variables  ----

 Variable    Minimum value   Maximum value    Mean value     Standard dev.
----------  --------------  --------------  --------------  --------------
         x               1           10.63        4.518571        3.190467
         y            1.78            2.23        2.061429       0.1536694


                   ----  Calculated Parameter Values  ----

 Parameter  Initial guess   Final estimate   Standard error      t      Prob(t)
----------  -------------  ----------------  --------------  ---------  -------
         a              1        1.91230457       0.1088898      17.56  0.00006
         b              1       0.164421638       0.1008613       1.63  0.17840
         c              1      0.0301076423      0.02383789       1.26  0.27519


                  ----  Analysis of Variance  ----

  Source     DF   Sum of Squares    Mean Square    F value   Prob(F)
----------  ----  --------------  --------------  ---------  -------
Regression     2      0.06557934      0.03278967       1.72  0.28853
Error          4      0.07610638      0.01902659
Total          6       0.1416857

