   1: variable x,y;
   2: parameter a,b,c;
   3: function y=a*(x^b)*exp(c*x);
   4: Plot xlabel="x-Achse",ylabel="y-Achse";
   5: data;

Beginning computation...
Stopped due to: Relative function convergence.


   ----  Final Results  ----

NLREG version 5.4
Copyright (c) 1992-2002 Phillip H. Sherrod.  All rights reserved.
This is a registered copy of NLREG that may not be redistributed.

Number of observations = 4
Maximum allowed number of iterations = 500
Convergence tolerance factor = 1.000000E-010
Stopped due to: Relative function convergence.
Number of iterations performed = 16
Final sum of squared deviations = 8.8247451E-002
Final sum of deviations = 5.5953368E-005
Standard error of estimate = 0.297065
Average deviation = 0.128567
Maximum deviation for any observation = 0.211773
Proportion of variance explained (R^2) = 0.1617  (16.17%)
Adjusted coefficient of multiple determination (Ra^2) = -1.5148  (-151.48%)
Durbin-Watson test for autocorrelation = 3.362
Parameter values will be written to C:\Users\peleg\OneDrive\doktorát\experiment_disertace\výsledky\fin_výsl\syntax\typ3\VFS3\pohVFS3\vysl_compl_VFS3_poh\param_compl_VFS3_poh_05.par
Analysis completed  4-Jan-2023 19:59.  Runtime = 0.00 seconds.


             ----  Descriptive Statistics for Variables  ----

 Variable    Minimum value   Maximum value    Mean value     Standard dev.
----------  --------------  --------------  --------------  --------------
         x            1.88            5.45          3.5825        1.516539
         y            2.81            3.18          3.0225       0.1873277


                   ----  Calculated Parameter Values  ----

 Parameter  Initial guess   Final estimate   Standard error      t      Prob(t)
----------  -------------  ----------------  --------------  ---------  -------
         a              1        3.26410242       0.5779756       5.65  0.11157
         b              1      -0.206018033       0.7659131      -0.27  0.83272
         c              1      0.0476454389       0.2296442       0.21  0.86977


                  ----  Analysis of Variance  ----

  Source     DF   Sum of Squares    Mean Square    F value   Prob(F)
----------  ----  --------------  --------------  ---------  -------
Regression     2      0.01702755     0.008513775       0.10  0.91556
Error          1      0.08824745      0.08824745
Total          3        0.105275

