   1: variable x,y;
   2: parameter a,b,c;
   3: function y=a*(x^b)*exp(c*x);
   4: Plot xlabel="x-Achse",ylabel="y-Achse";
   5: data;

Beginning computation...
Stopped due to: Relative function convergence.


   ----  Final Results  ----

NLREG version 5.4
Copyright (c) 1992-2002 Phillip H. Sherrod.  All rights reserved.
This is a registered copy of NLREG that may not be redistributed.

Number of observations = 5
Maximum allowed number of iterations = 500
Convergence tolerance factor = 1.000000E-010
Stopped due to: Relative function convergence.
Number of iterations performed = 20
Final sum of squared deviations = 1.7034374E-001
Final sum of deviations = -1.6517536E-003
Standard error of estimate = 0.291842
Average deviation = 0.162155
Maximum deviation for any observation = 0.274478
Proportion of variance explained (R^2) = 0.9070  (90.70%)
Adjusted coefficient of multiple determination (Ra^2) = 0.8140  (81.40%)
Durbin-Watson test for autocorrelation = 2.540
Parameter values will be written to C:\Users\peleg\OneDrive\doktorát\experiment_disertace\výsledky\fin_výsl\syntax\typ3\VFS3\pohVFS3\vysl_compl_VFS3_poh\param_compl_VFS3_poh_01.par
Analysis completed  4-Jan-2023 19:59.  Runtime = 0.00 seconds.


             ----  Descriptive Statistics for Variables  ----

 Variable    Minimum value   Maximum value    Mean value     Standard dev.
----------  --------------  --------------  --------------  --------------
         x               2            6.31           4.062        1.682029
         y            3.23            4.85           3.932        0.676624


                   ----  Calculated Parameter Values  ----

 Parameter  Initial guess   Final estimate   Standard error      t      Prob(t)
----------  -------------  ----------------  --------------  ---------  -------
         a              1        6.47883271       0.8573111       7.56  0.01706
         b              1       -0.55451263       0.4713894      -1.18  0.36051
         c              1      0.0555909578       0.1307852       0.43  0.71216


                  ----  Analysis of Variance  ----

  Source     DF   Sum of Squares    Mean Square    F value   Prob(F)
----------  ----  --------------  --------------  ---------  -------
Regression     2        1.660936       0.8304681       9.75  0.09302
Error          2       0.1703437      0.08517187
Total          4         1.83128

