   1: variable x,y;
   2: parameter a,b,c;
   3: function y=a*(x^b)*exp(c*x);
   4: Plot xlabel="x-Achse",ylabel="y-Achse";
   5: data;

Beginning computation...
Stopped due to: Relative function convergence.


   ----  Final Results  ----

NLREG version 5.4
Copyright (c) 1992-2002 Phillip H. Sherrod.  All rights reserved.
This is a registered copy of NLREG that may not be redistributed.

Number of observations = 5
Maximum allowed number of iterations = 500
Convergence tolerance factor = 1.000000E-010
Stopped due to: Relative function convergence.
Number of iterations performed = 15
Final sum of squared deviations = 5.9403386E-004
Final sum of deviations = -1.2584065E-005
Standard error of estimate = 0.0172342
Average deviation = 0.00890537
Maximum deviation for any observation = 0.0170878
Proportion of variance explained (R^2) = 0.9841  (98.41%)
Adjusted coefficient of multiple determination (Ra^2) = 0.9681  (96.81%)
Durbin-Watson test for autocorrelation = 3.454
Parameter values will be written to C:\Users\peleg\OneDrive\doktorát\experiment_disertace\výsledky\fin_výsl\slovo_slabika_foném\poh_SSF\tokens_poh_SSF\vysl_compl_SSF_tokens_poh\param_compl_tokens_poh_01.par
Analysis completed  9-Mar-2023 13:16.  Runtime = 0.00 seconds.


             ----  Descriptive Statistics for Variables  ----

 Variable    Minimum value   Maximum value    Mean value     Standard dev.
----------  --------------  --------------  --------------  --------------
         x               1               5               3        1.581139
         y            2.16            2.42           2.312      0.09654015


                   ----  Calculated Parameter Values  ----

 Parameter  Initial guess   Final estimate   Standard error      t      Prob(t)
----------  -------------  ----------------  --------------  ---------  -------
         a              1        2.55437201      0.02440973     104.65  0.00009
         b              1       0.196080962      0.02549299       7.69  0.01649
         c              1     -0.0960451044      0.01032258      -9.30  0.01135


                  ----  Analysis of Variance  ----

  Source     DF   Sum of Squares    Mean Square    F value   Prob(F)
----------  ----  --------------  --------------  ---------  -------
Regression     2      0.03668597      0.01834298      61.76  0.01593
Error          2    0.0005940339    0.0002970169
Total          4         0.03728

