   1: variable x,y;
   2: parameter a,b,c;
   3: function y=a*(x^b)*exp(-c*x);
   4: Plot xlabel="x-Achse",ylabel="y-Achse";
   5: data;

Beginning computation...
Stopped due to: Both parameter and relative function convergence.


   ----  Final Results  ----

NLREG version 5.4
Copyright (c) 1992-2002 Phillip H. Sherrod.  All rights reserved.
This is a registered copy of NLREG that may not be redistributed.

Number of observations = 7
Maximum allowed number of iterations = 500
Convergence tolerance factor = 1.000000E-010
Stopped due to: Both parameter and relative function convergence.
Number of iterations performed = 18
Final sum of squared deviations = 1.8732239E-002
Final sum of deviations = -1.0948961E-005
Standard error of estimate = 0.0684329
Average deviation = 0.0486264
Maximum deviation for any observation = 0.0859667
Proportion of variance explained (R^2) = 0.5910  (59.10%)
Adjusted coefficient of multiple determination (Ra^2) = 0.3865  (38.65%)
Durbin-Watson test for autocorrelation = 1.754
Parameter values will be written to C:\Users\peleg\OneDrive\doktorát\experiment_disertace\výsledky\fin_výsl\syntax\typ1\KSM1\dop_KSM1\vysl_compl_KSM1_dop_minus_c\param_compl_KSM1_dop_06_minus_c.par
Analysis completed 13-Apr-2023 16:12.  Runtime = 0.00 seconds.


             ----  Descriptive Statistics for Variables  ----

 Variable    Minimum value   Maximum value    Mean value     Standard dev.
----------  --------------  --------------  --------------  --------------
         x            2.45              12            6.35        3.102284
         y             2.2            2.41            2.33      0.08736895


                   ----  Calculated Parameter Values  ----

 Parameter  Initial guess   Final estimate   Standard error      t      Prob(t)
----------  -------------  ----------------  --------------  ---------  -------
         a              1        2.56174346       0.1749658      14.64  0.00013
         b              1     -0.0521320093      0.08805665      -0.59  0.58567
         c              1    0.000686702531      0.01475811       0.05  0.96512


                  ----  Analysis of Variance  ----

  Source     DF   Sum of Squares    Mean Square    F value   Prob(F)
----------  ----  --------------  --------------  ---------  -------
Regression     2      0.02706776      0.01353388       2.89  0.16728
Error          4      0.01873224      0.00468306
Total          6          0.0458

