   1: variable x,y;
   2: parameter a,b,c;
   3: function y=a*(x^b)*exp(-c*x);
   4: Plot xlabel="x-Achse",ylabel="y-Achse";
   5: data;

Beginning computation...
Stopped due to: Both parameter and relative function convergence.


   ----  Final Results  ----

NLREG version 5.4
Copyright (c) 1992-2002 Phillip H. Sherrod.  All rights reserved.
This is a registered copy of NLREG that may not be redistributed.

Number of observations = 15
Maximum allowed number of iterations = 500
Convergence tolerance factor = 1.000000E-010
Stopped due to: Both parameter and relative function convergence.
Number of iterations performed = 12
Final sum of squared deviations = 7.3413203E-002
Final sum of deviations = 1.5979282E-004
Standard error of estimate = 0.0782162
Average deviation = 0.0553357
Maximum deviation for any observation = 0.151022
Proportion of variance explained (R^2) = 0.7163  (71.63%)
Adjusted coefficient of multiple determination (Ra^2) = 0.6690  (66.90%)
Durbin-Watson test for autocorrelation = 2.779
Parameter values will be written to C:\Users\peleg\OneDrive\doktorát\experiment_disertace\výsledky\fin_výsl\syntax\typ1\KSM1\dop_KSM1\vysl_compl_KSM1_dop_minus_c\param_compl_KSM1_dop_slouè_minus_c.par
Analysis completed 13-Apr-2023 16:12.  Runtime = 0.00 seconds.


             ----  Descriptive Statistics for Variables  ----

 Variable    Minimum value   Maximum value    Mean value     Standard dev.
----------  --------------  --------------  --------------  --------------
         x               1           21.12            8.58        5.556366
         y            2.17            2.75        2.385333       0.1359552


                   ----  Calculated Parameter Values  ----

 Parameter  Initial guess   Final estimate   Standard error      t      Prob(t)
----------  -------------  ----------------  --------------  ---------  -------
         a              1        2.68909306      0.06034908      44.56  0.00001
         b              1      -0.127471144      0.02452611      -5.20  0.00022
         c              1     -0.0140563734     0.003749961      -3.75  0.00278


                  ----  Analysis of Variance  ----

  Source     DF   Sum of Squares    Mean Square    F value   Prob(F)
----------  ----  --------------  --------------  ---------  -------
Regression     2       0.1853601      0.09268007      15.15  0.00052
Error         12       0.0734132     0.006117767
Total         14       0.2587733

