   1: variable x,y;
   2: parameter b;
   3: function y=7.11*(x^b);
   4: Plot xlabel="x-Achse",ylabel="y-Achse";
   5: data;

Beginning computation...
Stopped due to: Both parameter and relative function convergence.


   ----  Final Results  ----

NLREG version 5.4
Copyright (c) 1992-2002 Phillip H. Sherrod.  All rights reserved.
This is a registered copy of NLREG that may not be redistributed.

Number of observations = 5
Maximum allowed number of iterations = 500
Convergence tolerance factor = 1.000000E-010
Stopped due to: Both parameter and relative function convergence.
Number of iterations performed = 11
Final sum of squared deviations = 2.5450516E-001
Final sum of deviations = -6.5848535E-002
Standard error of estimate = 0.252243
Average deviation = 0.172414
Maximum deviation for any observation = 0.377009
Proportion of variance explained (R^2) = 0.9258  (92.58%)
Adjusted coefficient of multiple determination (Ra^2) = 0.9258  (92.58%)
Durbin-Watson test for autocorrelation = 1.891
Parameter values will be written to C:\Users\peleg\OneDrive\doktorát\experiment_disertace\výsledky\fin_výsl\syntax\typ1\VKS1\pov_VKS1\vysl_trunc_VKS1_pov\param_trunc_VKS1_pov_10.par
Analysis completed  4-Jan-2023 19:48.  Runtime = 0.00 seconds.


             ----  Descriptive Statistics for Variables  ----

 Variable    Minimum value   Maximum value    Mean value     Standard dev.
----------  --------------  --------------  --------------  --------------
         x               1             5.3            3.06         1.67869
         y             4.8            7.11           5.664       0.9260831


                   ----  Calculated Parameter Values  ----

 Parameter  Initial guess   Final estimate   Standard error      t      Prob(t)
----------  -------------  ----------------  --------------  ---------  -------
         b              1      -0.242749083      0.01962108     -12.37  0.00025

