   1: variable x,y;
   2: parameter a,b,c;
   3: function y=a*(x^b)*exp(c*x);
   4: Plot xlabel="x-Achse",ylabel="y-Achse";
   5: data;

Beginning computation...
Stopped due to: Both parameter and relative function convergence.


   ----  Final Results  ----

NLREG version 5.4
Copyright (c) 1992-2002 Phillip H. Sherrod.  All rights reserved.
This is a registered copy of NLREG that may not be redistributed.

Number of observations = 9
Maximum allowed number of iterations = 500
Convergence tolerance factor = 1.000000E-010
Stopped due to: Both parameter and relative function convergence.
Number of iterations performed = 25
Final sum of squared deviations = 3.8367369E-001
Final sum of deviations = 2.0540437E-003
Standard error of estimate = 0.252875
Average deviation = 0.170314
Maximum deviation for any observation = 0.445572
Proportion of variance explained (R^2) = 0.9238  (92.38%)
Adjusted coefficient of multiple determination (Ra^2) = 0.8984  (89.84%)
Durbin-Watson test for autocorrelation = 2.579
Parameter values will be written to C:\Users\peleg\OneDrive\doktorát\experiment_disertace\výsledky\fin_výsl\syntax\typ1\VKS1\vše_VKS1\vysl_compl_VKS1_vše\param_compl_VKS1_vše_slouè_bez_poh.par
Analysis completed 31-May-2023 08:27.  Runtime = 0.00 seconds.


             ----  Descriptive Statistics for Variables  ----

 Variable    Minimum value   Maximum value    Mean value     Standard dev.
----------  --------------  --------------  --------------  --------------
         x               1              10        5.111111        2.934469
         y            5.71            8.38        6.436667       0.7933631


                   ----  Calculated Parameter Values  ----

 Parameter  Initial guess   Final estimate   Standard error      t      Prob(t)
----------  -------------  ----------------  --------------  ---------  -------
         a              1        7.81888152       0.1982155      39.45  0.00001
         b              1      -0.357856935      0.05414237      -6.61  0.00058
         c              1      0.0612551603      0.01436732       4.26  0.00530


                  ----  Analysis of Variance  ----

  Source     DF   Sum of Squares    Mean Square    F value   Prob(F)
----------  ----  --------------  --------------  ---------  -------
Regression     2        4.651726        2.325863      36.37  0.00044
Error          6       0.3836737      0.06394562
Total          8          5.0354

