   1: variable x,y;
   2: parameter a,b,c;
   3: function y=a*(x^b)*exp(-c*x);
   4: Plot xlabel="x-Achse",ylabel="y-Achse";
   5: data;

Beginning computation...
Stopped due to: Relative function convergence.


   ----  Final Results  ----

NLREG version 5.4
Copyright (c) 1992-2002 Phillip H. Sherrod.  All rights reserved.
This is a registered copy of NLREG that may not be redistributed.

Number of observations = 11
Maximum allowed number of iterations = 500
Convergence tolerance factor = 1.000000E-010
Stopped due to: Relative function convergence.
Number of iterations performed = 12
Final sum of squared deviations = 7.0272391E-002
Final sum of deviations = 2.0632814E-003
Standard error of estimate = 0.0937233
Average deviation = 0.066484
Maximum deviation for any observation = 0.182493
Proportion of variance explained (R^2) = 0.8786  (87.86%)
Adjusted coefficient of multiple determination (Ra^2) = 0.8483  (84.83%)
Durbin-Watson test for autocorrelation = 1.706
Parameter values will be written to C:\Users\peleg\OneDrive\doktorát\experiment_disertace\výsledky\fin_výsl\syntax\typ1\KSM1\pov_KSM1\vysl_compl_KSM1_pov_minus_c\param_compl_KSM1_pov_09_minus_c.par
Analysis completed 13-Apr-2023 16:13.  Runtime = 0.00 seconds.


             ----  Descriptive Statistics for Variables  ----

 Variable    Minimum value   Maximum value    Mean value     Standard dev.
----------  --------------  --------------  --------------  --------------
         x               1           15.73        6.481818        4.266195
         y            2.14               3        2.344545       0.2406393


                   ----  Calculated Parameter Values  ----

 Parameter  Initial guess   Final estimate   Standard error      t      Prob(t)
----------  -------------  ----------------  --------------  ---------  -------
         a              1         2.8625988      0.07380816      38.78  0.00001
         b              1      -0.214405263      0.03712342      -5.78  0.00042
         c              1      -0.022458803     0.007388565      -3.04  0.01607


                  ----  Analysis of Variance  ----

  Source     DF   Sum of Squares    Mean Square    F value   Prob(F)
----------  ----  --------------  --------------  ---------  -------
Regression     2       0.5088003       0.2544002      28.96  0.00022
Error          8      0.07027239     0.008784049
Total         10       0.5790727

