   1: variable x,y;
   2: parameter a,b,c;
   3: function y=a*(x^b)*exp(c*x);
   4: Plot xlabel="x-Achse",ylabel="y-Achse";
   5: data;

Beginning computation...
Stopped due to: Relative function convergence.


   ----  Final Results  ----

NLREG version 5.4
Copyright (c) 1992-2002 Phillip H. Sherrod.  All rights reserved.
This is a registered copy of NLREG that may not be redistributed.

Number of observations = 6
Maximum allowed number of iterations = 500
Convergence tolerance factor = 1.000000E-010
Stopped due to: Relative function convergence.
Number of iterations performed = 15
Final sum of squared deviations = 1.5496044E-002
Final sum of deviations = 3.6692916E-003
Standard error of estimate = 0.0718704
Average deviation = 0.0438865
Maximum deviation for any observation = 0.0713069
Proportion of variance explained (R^2) = 0.9949  (99.49%)
Adjusted coefficient of multiple determination (Ra^2) = 0.9916  (99.16%)
Durbin-Watson test for autocorrelation = 2.071
Parameter values will be written to C:\Users\peleg\OneDrive\doktorát\experiment_disertace\výsledky\fin_výsl\slovo_morfém_foném_oprava\pov_SMF\types_pov_SMF\vysl_compl_SMF_types_pov\param_compl_types_pov_07.par
Analysis completed  2-Apr-2023 17:16.  Runtime = 0.00 seconds.


             ----  Descriptive Statistics for Variables  ----

 Variable    Minimum value   Maximum value    Mean value     Standard dev.
----------  --------------  --------------  --------------  --------------
         x               1            6.08        3.513333        1.892371
         y            1.56            3.67        2.153333       0.7819889


                   ----  Calculated Parameter Values  ----

 Parameter  Initial guess   Final estimate   Standard error      t      Prob(t)
----------  -------------  ----------------  --------------  ---------  -------
         a              1        3.17299885       0.1009704      31.43  0.00007
         b              1      -0.845831079      0.08134919     -10.40  0.00190
         c              1       0.141323679       0.0320954       4.40  0.02172


                  ----  Analysis of Variance  ----

  Source     DF   Sum of Squares    Mean Square    F value   Prob(F)
----------  ----  --------------  --------------  ---------  -------
Regression     2        3.042037        1.521019     294.47  0.00036
Error          3      0.01549604     0.005165348
Total          5        3.057533

