   1: variable x,y;
   2: parameter a,b,c;
   3: function y=a*(x^b)*exp(c*x);
   4: Plot xlabel="x-Achse",ylabel="y-Achse";
   5: data;

Beginning computation...
Stopped due to: Relative function convergence.


   ----  Final Results  ----

NLREG version 5.4
Copyright (c) 1992-2002 Phillip H. Sherrod.  All rights reserved.
This is a registered copy of NLREG that may not be redistributed.

Number of observations = 6
Maximum allowed number of iterations = 500
Convergence tolerance factor = 1.000000E-010
Stopped due to: Relative function convergence.
Number of iterations performed = 20
Final sum of squared deviations = 1.9819728E-002
Final sum of deviations = 3.8404362E-003
Standard error of estimate = 0.0812808
Average deviation = 0.0510481
Maximum deviation for any observation = 0.0888947
Proportion of variance explained (R^2) = 0.9919  (99.19%)
Adjusted coefficient of multiple determination (Ra^2) = 0.9864  (98.64%)
Durbin-Watson test for autocorrelation = 1.970
Parameter values will be written to C:\Users\peleg\OneDrive\doktorát\experiment_disertace\výsledky\fin_výsl\slovo_morfém_foném_oprava\stud_SMF\types_stud_SMF\vysl_compl_SMF_types_stud\param_compl_types_stud_10.par
Analysis completed  2-Apr-2023 17:16.  Runtime = 0.00 seconds.


             ----  Descriptive Statistics for Variables  ----

 Variable    Minimum value   Maximum value    Mean value     Standard dev.
----------  --------------  --------------  --------------  --------------
         x               1            6.32        3.553333        1.958843
         y            1.65            3.55        2.198333       0.6978945


                   ----  Calculated Parameter Values  ----

 Parameter  Initial guess   Final estimate   Standard error      t      Prob(t)
----------  -------------  ----------------  --------------  ---------  -------
         a              1        3.13470756       0.1040754      30.12  0.00008
         b              1      -0.732509629      0.08606619      -8.51  0.00341
         c              1       0.118015946      0.03303022       3.57  0.03747


                  ----  Analysis of Variance  ----

  Source     DF   Sum of Squares    Mean Square    F value   Prob(F)
----------  ----  --------------  --------------  ---------  -------
Regression     2        2.415464        1.207732     182.81  0.00073
Error          3      0.01981973     0.006606576
Total          5        2.435283

