   1: variable x,y;
   2: parameter a,b,c;
   3: function y=a*(x^b)*exp(-c*x);
   4: Plot xlabel="x-Achse",ylabel="y-Achse";
   5: data;

Beginning computation...
Stopped due to: Relative function convergence.


   ----  Final Results  ----

NLREG version 5.4
Copyright (c) 1992-2002 Phillip H. Sherrod.  All rights reserved.
This is a registered copy of NLREG that may not be redistributed.

Number of observations = 5
Maximum allowed number of iterations = 500
Convergence tolerance factor = 1.000000E-010
Stopped due to: Relative function convergence.
Number of iterations performed = 14
Final sum of squared deviations = 1.0547703E-001
Final sum of deviations = -1.9553665E-003
Standard error of estimate = 0.229649
Average deviation = 0.119466
Maximum deviation for any observation = 0.2666
Proportion of variance explained (R^2) = 0.6334  (63.34%)
Adjusted coefficient of multiple determination (Ra^2) = 0.2668  (26.68%)
Durbin-Watson test for autocorrelation = 2.818
Parameter values will be written to C:\Users\peleg\OneDrive\doktorát\experiment_disertace\výsledky\fin_výsl\syntax\typ3\FSM3\dop_FSM3\vysl_compl_FSM3_dop_minus_c\param_compl_FSM3_dop_04_minus_c.par
Analysis completed  8-Apr-2023 09:59.  Runtime = 0.00 seconds.


             ----  Descriptive Statistics for Variables  ----

 Variable    Minimum value   Maximum value    Mean value     Standard dev.
----------  --------------  --------------  --------------  --------------
         x               1            15.9           5.862        6.069614
         y            1.79            2.46           2.254       0.2681977


                   ----  Calculated Parameter Values  ----

 Parameter  Initial guess   Final estimate   Standard error      t      Prob(t)
----------  -------------  ----------------  --------------  ---------  -------
         a              1        1.99668295       0.1825904      10.94  0.00826
         b              1       0.222446616       0.1366212       1.63  0.24502
         c              1      0.0301112283      0.02353847       1.28  0.32917


                  ----  Analysis of Variance  ----

  Source     DF   Sum of Squares    Mean Square    F value   Prob(F)
----------  ----  --------------  --------------  ---------  -------
Regression     2        0.182243      0.09112149       1.73  0.36660
Error          2        0.105477      0.05273851
Total          4         0.28772

