   1: variable x,y;
   2: parameter a,b,c;
   3: function y=a*(x^b)*exp(c*x);
   4: Plot xlabel="x-Achse",ylabel="y-Achse";
   5: data;

Beginning computation...
Stopped due to: Both parameter and relative function convergence.


   ----  Final Results  ----

NLREG version 5.4
Copyright (c) 1992-2002 Phillip H. Sherrod.  All rights reserved.
This is a registered copy of NLREG that may not be redistributed.

Number of observations = 5
Maximum allowed number of iterations = 500
Convergence tolerance factor = 1.000000E-010
Stopped due to: Both parameter and relative function convergence.
Number of iterations performed = 29
Final sum of squared deviations = 1.3763184E-004
Final sum of deviations = 4.3835174E-005
Standard error of estimate = 0.00829554
Average deviation = 0.00490375
Maximum deviation for any observation = 0.00805768
Proportion of variance explained (R^2) = 0.9990  (99.90%)
Adjusted coefficient of multiple determination (Ra^2) = 0.9979  (99.79%)
Durbin-Watson test for autocorrelation = 2.621
Parameter values will be written to C:\Users\peleg\OneDrive\doktorát\experiment_disertace\výsledky\fin_výsl\syntax\typ3\FSM3_oprava\dop_FSM3\vysl_compl_FSM3_dop\param_compl_FSM3_dop_07.par
Analysis completed  3-Apr-2023 13:33.  Runtime = 0.00 seconds.


             ----  Descriptive Statistics for Variables  ----

 Variable    Minimum value   Maximum value    Mean value     Standard dev.
----------  --------------  --------------  --------------  --------------
         x               1           10.92           4.718        3.950243
         y            1.85            2.28           2.102       0.1829481


                   ----  Calculated Parameter Values  ----

 Parameter  Initial guess   Final estimate   Standard error      t      Prob(t)
----------  -------------  ----------------  --------------  ---------  -------
         a              1        1.96022428       0.0068107     287.82  0.00001
         b              1         0.2838158     0.006593722      43.04  0.00054
         c              1     -0.0601589052       0.0015323     -39.26  0.00065


                  ----  Analysis of Variance  ----

  Source     DF   Sum of Squares    Mean Square    F value   Prob(F)
----------  ----  --------------  --------------  ---------  -------
Regression     2       0.1337424      0.06687118     971.74  0.00103
Error          2    0.0001376318   6.881592E-005
Total          4         0.13388

