   1: variable x,y;
   2: parameter b;
   3: function y=3.78*(x^b);
   4: Plot xlabel="x-Achse",ylabel="y-Achse";
   5: data;

Beginning computation...
Stopped due to: Both parameter and relative function convergence.


   ----  Final Results  ----

NLREG version 5.4
Copyright (c) 1992-2002 Phillip H. Sherrod.  All rights reserved.
This is a registered copy of NLREG that may not be redistributed.

Number of observations = 7
Maximum allowed number of iterations = 500
Convergence tolerance factor = 1.000000E-010
Stopped due to: Both parameter and relative function convergence.
Number of iterations performed = 11
Final sum of squared deviations = 2.0717232E-001
Final sum of deviations = -1.2890732E-001
Standard error of estimate = 0.185819
Average deviation = 0.135063
Maximum deviation for any observation = 0.29212
Proportion of variance explained (R^2) = 0.9372  (93.72%)
Adjusted coefficient of multiple determination (Ra^2) = 0.9372  (93.72%)
Durbin-Watson test for autocorrelation = 0.808
Parameter values will be written to C:\Users\peleg\OneDrive\doktorát\experiment_disertace\výsledky\fin_výsl\slovo_morfém_foném_oprava\stud_SMF\types_stud_SMF\vysl_trunc_SMF_types_stud\param_trunc_types_stud_08.par
Analysis completed  2-Apr-2023 17:16.  Runtime = 0.00 seconds.


             ----  Descriptive Statistics for Variables  ----

 Variable    Minimum value   Maximum value    Mean value     Standard dev.
----------  --------------  --------------  --------------  --------------
         x               1            7.17        4.024286        2.200181
         y            1.67            3.78             2.2       0.7416648


                   ----  Calculated Parameter Values  ----

 Parameter  Initial guess   Final estimate   Standard error      t      Prob(t)
----------  -------------  ----------------  --------------  ---------  -------
         b              1       -0.47673123      0.02878203     -16.56  0.00001

