   1: variable x,y;
   2: parameter a,b,c;
   3: function y=a*(x^b)*exp(-c*x);
   4: Plot xlabel="x-Achse",ylabel="y-Achse";
   5: data;

Beginning computation...
Stopped due to: Relative function convergence.


   ----  Final Results  ----

NLREG version 5.4
Copyright (c) 1992-2002 Phillip H. Sherrod.  All rights reserved.
This is a registered copy of NLREG that may not be redistributed.

Number of observations = 39
Maximum allowed number of iterations = 500
Convergence tolerance factor = 1.000000E-010
Stopped due to: Relative function convergence.
Number of iterations performed = 17
Final sum of squared deviations = 2.0661736E-001
Final sum of deviations = -4.3913877E-004
Standard error of estimate = 0.0757586
Average deviation = 0.0541962
Maximum deviation for any observation = 0.161225
Proportion of variance explained (R^2) = 0.3873  (38.73%)
Adjusted coefficient of multiple determination (Ra^2) = 0.3533  (35.33%)
Durbin-Watson test for autocorrelation = 1.721
Parameter values will be written to C:\Users\peleg\OneDrive\doktorát\experiment_disertace\výsledky\fin_výsl\syntax\typ3\FSM3\vše_FSM3\vysl_compl_FSM3_vše_minus_c\param_compl_FSM3_vše_slouè_minus_c.par
Analysis completed  8-Apr-2023 09:58.  Runtime = 0.00 seconds.


             ----  Descriptive Statistics for Variables  ----

 Variable    Minimum value   Maximum value    Mean value     Standard dev.
----------  --------------  --------------  --------------  --------------
         x               1           68.53        21.75077        14.84417
         y            1.97            2.54        2.357949      0.09420525


                   ----  Calculated Parameter Values  ----

 Parameter  Initial guess   Final estimate   Standard error      t      Prob(t)
----------  -------------  ----------------  --------------  ---------  -------
         a              1        2.13563774      0.04772638      44.75  0.00001
         b              1      0.0524359633      0.01237618       4.24  0.00015
         c              1     0.00214800541    0.0007478505       2.87  0.00679


                  ----  Analysis of Variance  ----

  Source     DF   Sum of Squares    Mean Square    F value   Prob(F)
----------  ----  --------------  --------------  ---------  -------
Regression     2       0.1306185      0.06530927      11.38  0.00015
Error         36       0.2066174     0.005739371
Total         38       0.3372359

