   1: variable x,y;
   2: parameter a,b,c;
   3: function y=a*(x^b)*exp(c*x);
   4: Plot xlabel="x-Achse",ylabel="y-Achse";
   5: data;

Beginning computation...
Stopped due to: Relative function convergence.


   ----  Final Results  ----

NLREG version 5.4
Copyright (c) 1992-2002 Phillip H. Sherrod.  All rights reserved.
This is a registered copy of NLREG that may not be redistributed.

Number of observations = 5
Maximum allowed number of iterations = 500
Convergence tolerance factor = 1.000000E-010
Stopped due to: Relative function convergence.
Number of iterations performed = 16
Final sum of squared deviations = 8.9470627E-001
Final sum of deviations = 1.5183565E-003
Standard error of estimate = 0.668845
Average deviation = 0.357319
Maximum deviation for any observation = 0.744385
Proportion of variance explained (R^2) = 0.9195  (91.95%)
Adjusted coefficient of multiple determination (Ra^2) = 0.8390  (83.90%)
Durbin-Watson test for autocorrelation = 2.620
Parameter values will be written to C:\Users\peleg\OneDrive\doktorát\experiment_disertace\výsledky\fin_výsl\syntax\typ1\VKS1\stud_VKS1\vysl_compl_VKS1_stud\param_compl_VKS1_stud_04.par
Analysis completed  4-Jan-2023 19:48.  Runtime = 0.00 seconds.


             ----  Descriptive Statistics for Variables  ----

 Variable    Minimum value   Maximum value    Mean value     Standard dev.
----------  --------------  --------------  --------------  --------------
         x               1            6.15            3.23         1.97851
         y            5.63           10.27           7.726        1.666817


                   ----  Calculated Parameter Values  ----

 Parameter  Initial guess   Final estimate   Standard error      t      Prob(t)
----------  -------------  ----------------  --------------  ---------  -------
         a              1        10.2271366       0.8606174      11.88  0.00701
         b              1      -0.263510355       0.2176789      -1.21  0.34972
         c              1     -0.0104984398      0.08383123      -0.13  0.91179


                  ----  Analysis of Variance  ----

  Source     DF   Sum of Squares    Mean Square    F value   Prob(F)
----------  ----  --------------  --------------  ---------  -------
Regression     2        10.21841        5.109207      11.42  0.08051
Error          2       0.8947063       0.4473531
Total          4        11.11312

