   1: variable x,y;
   2: parameter b;
   3: function y=2.43*(x^b);
   4: Plot xlabel="x-Achse",ylabel="y-Achse";
   5: data;

Beginning computation...
Stopped due to: Both parameter and relative function convergence.


   ----  Final Results  ----

NLREG version 5.4
Copyright (c) 1992-2002 Phillip H. Sherrod.  All rights reserved.
This is a registered copy of NLREG that may not be redistributed.

Number of observations = 5
Maximum allowed number of iterations = 500
Convergence tolerance factor = 1.000000E-010
Stopped due to: Both parameter and relative function convergence.
Number of iterations performed = 8
Final sum of squared deviations = 1.0088947E-002
Final sum of deviations = 5.0722628E-002
Standard error of estimate = 0.0502219
Average deviation = 0.0347542
Maximum deviation for any observation = 0.0852546
Proportion of variance explained (R^2) = 0.6360  (63.60%)
Adjusted coefficient of multiple determination (Ra^2) = 0.6360  (63.60%)
Durbin-Watson test for autocorrelation = 1.551
Parameter values will be written to C:\Users\peleg\OneDrive\doktorát\experiment_disertace\výsledky\fin_výsl\slovo_slabika_foném\pov_SSF\tokens_pov_SSF\vysl_trunc_SSF_tokens_pov\param_trunc_tokens_pov_08.par
Analysis completed  9-Mar-2023 14:10.  Runtime = 0.00 seconds.


             ----  Descriptive Statistics for Variables  ----

 Variable    Minimum value   Maximum value    Mean value     Standard dev.
----------  --------------  --------------  --------------  --------------
         x               1            5.19           3.038        1.642322
         y            2.28            2.46           2.364      0.08324662


                   ----  Calculated Parameter Values  ----

 Parameter  Initial guess   Final estimate   Standard error      t      Prob(t)
----------  -------------  ----------------  --------------  ---------  -------
         b              1      -0.033183477      0.00860784      -3.86  0.01822

