   1: variable x,y;
   2: parameter a,b,c;
   3: function y=a*(x^b)*exp(-c*x);
   4: Plot xlabel="x-Achse",ylabel="y-Achse";
   5: data;

Beginning computation...
Stopped due to: Relative function convergence.


   ----  Final Results  ----

NLREG version 5.4
Copyright (c) 1992-2002 Phillip H. Sherrod.  All rights reserved.
This is a registered copy of NLREG that may not be redistributed.

Number of observations = 24
Maximum allowed number of iterations = 500
Convergence tolerance factor = 1.000000E-010
Stopped due to: Relative function convergence.
Number of iterations performed = 16
Final sum of squared deviations = 2.9938647E-001
Final sum of deviations = 2.1828557E-003
Standard error of estimate = 0.119401
Average deviation = 0.0922323
Maximum deviation for any observation = 0.229354
Proportion of variance explained (R^2) = 0.5234  (52.34%)
Adjusted coefficient of multiple determination (Ra^2) = 0.4780  (47.80%)
Durbin-Watson test for autocorrelation = 1.985
Parameter values will be written to C:\Users\peleg\OneDrive\doktorát\experiment_disertace\výsledky\fin_výsl\syntax\typ1\KSM1\stud_KSM1\vysl_compl_KSM1_stud_minus_c\param_compl_KSM1_stud_slouè_minus_c.par
Analysis completed 13-Apr-2023 16:13.  Runtime = 0.00 seconds.


             ----  Descriptive Statistics for Variables  ----

 Variable    Minimum value   Maximum value    Mean value     Standard dev.
----------  --------------  --------------  --------------  --------------
         x               1           30.45        12.86708        7.773109
         y            2.52            3.38            2.71       0.1652666


                   ----  Calculated Parameter Values  ----

 Parameter  Initial guess   Final estimate   Standard error      t      Prob(t)
----------  -------------  ----------------  --------------  ---------  -------
         a              1        3.12651413      0.08989209      34.78  0.00001
         b              1      -0.105731519      0.02462159      -4.29  0.00032
         c              1    -0.00768878523     0.002789367      -2.76  0.01183


                  ----  Analysis of Variance  ----

  Source     DF   Sum of Squares    Mean Square    F value   Prob(F)
----------  ----  --------------  --------------  ---------  -------
Regression     2       0.3288135       0.1644068      11.53  0.00042
Error         21       0.2993865       0.0142565
Total         23          0.6282

