   1: variable x,y;
   2: parameter a,b,c;
   3: function y=a*(x^b)*exp(c*x);
   4: Plot xlabel="x-Achse",ylabel="y-Achse";
   5: data;

Beginning computation...
Stopped due to: Relative function convergence.


   ----  Final Results  ----

NLREG version 5.4
Copyright (c) 1992-2002 Phillip H. Sherrod.  All rights reserved.
This is a registered copy of NLREG that may not be redistributed.

Number of observations = 7
Maximum allowed number of iterations = 500
Convergence tolerance factor = 1.000000E-010
Stopped due to: Relative function convergence.
Number of iterations performed = 19
Final sum of squared deviations = 6.9712050E-002
Final sum of deviations = -1.9411972E-003
Standard error of estimate = 0.132015
Average deviation = 0.0745343
Maximum deviation for any observation = 0.18176
Proportion of variance explained (R^2) = 0.9095  (90.95%)
Adjusted coefficient of multiple determination (Ra^2) = 0.8643  (86.43%)
Durbin-Watson test for autocorrelation = 3.436
Parameter values will be written to C:\Users\peleg\OneDrive\doktorát\experiment_disertace\výsledky\fin_výsl\zvukové_jednotky\VKT\poh_VKT\tokens_poh_VKT\vysl_compl_VKT_tokens_poh\param_compl_tokens_poh_05.par
Analysis completed 21-Feb-2023 07:46.  Runtime = 0.00 seconds.


             ----  Descriptive Statistics for Variables  ----

 Variable    Minimum value   Maximum value    Mean value     Standard dev.
----------  --------------  --------------  --------------  --------------
         x               1            8.94        4.277143        2.672887
         y             2.1             3.1        2.442857       0.3583162


                   ----  Calculated Parameter Values  ----

 Parameter  Initial guess   Final estimate   Standard error      t      Prob(t)
----------  -------------  ----------------  --------------  ---------  -------
         a              1        2.81373922       0.1030433      27.31  0.00001
         b              1      -0.497548282       0.0841408      -5.91  0.00410
         c              1       0.110967694      0.02406556       4.61  0.00995


                  ----  Analysis of Variance  ----

  Source     DF   Sum of Squares    Mean Square    F value   Prob(F)
----------  ----  --------------  --------------  ---------  -------
Regression     2       0.7006308       0.3503154      20.10  0.00819
Error          4      0.06971205      0.01742801
Total          6       0.7703429

