   1: variable x,y;
   2: parameter a,b,c;
   3: function y=a*(x^b)*exp(c*x);
   4: Plot xlabel="x-Achse",ylabel="y-Achse";
   5: data;

Beginning computation...
Stopped due to: Both parameter and relative function convergence.


   ----  Final Results  ----

NLREG version 5.4
Copyright (c) 1992-2002 Phillip H. Sherrod.  All rights reserved.
This is a registered copy of NLREG that may not be redistributed.

Number of observations = 4
Maximum allowed number of iterations = 500
Convergence tolerance factor = 1.000000E-010
Stopped due to: Both parameter and relative function convergence.
Number of iterations performed = 14
Final sum of squared deviations = 8.1616823E-004
Final sum of deviations = -4.2850718E-005
Standard error of estimate = 0.0285687
Average deviation = 0.0124212
Maximum deviation for any observation = 0.0217654
Proportion of variance explained (R^2) = 0.9977  (99.77%)
Adjusted coefficient of multiple determination (Ra^2) = 0.9931  (99.31%)
Durbin-Watson test for autocorrelation = 3.336
Parameter values will be written to C:\Users\peleg\OneDrive\doktorát\experiment_disertace\výsledky\fin_výsl\slovo_slabika_foném\pov_SSF\types_pov_SSF\vysl_compl_SSF_types_pov\param_compl_types_pov_03.par
Analysis completed  9-Mar-2023 14:10.  Runtime = 0.00 seconds.


             ----  Descriptive Statistics for Variables  ----

 Variable    Minimum value   Maximum value    Mean value     Standard dev.
----------  --------------  --------------  --------------  --------------
         x               1            4.11          2.5275        1.334051
         y            2.25            3.02          2.5475       0.3444198


                   ----  Calculated Parameter Values  ----

 Parameter  Initial guess   Final estimate   Standard error      t      Prob(t)
----------  -------------  ----------------  --------------  ---------  -------
         a              1        2.92177023      0.06703322      43.59  0.01460
         b              1      -0.286778251      0.05136974      -5.58  0.11284
         c              1      0.0340926151       0.0243461       1.40  0.39479


                  ----  Analysis of Variance  ----

  Source     DF   Sum of Squares    Mean Square    F value   Prob(F)
----------  ----  --------------  --------------  ---------  -------
Regression     2       0.3550588       0.1775294     217.52  0.04789
Error          1    0.0008161682    0.0008161682
Total          3        0.355875

