   1: variable x,y;
   2: parameter a,b,c;
   3: function y=a*(x^b)*exp(c*x);
   4: Plot xlabel="x-Achse",ylabel="y-Achse";
   5: data;

Beginning computation...
Stopped due to: Relative function convergence.


   ----  Final Results  ----

NLREG version 5.4
Copyright (c) 1992-2002 Phillip H. Sherrod.  All rights reserved.
This is a registered copy of NLREG that may not be redistributed.

Number of observations = 4
Maximum allowed number of iterations = 500
Convergence tolerance factor = 1.000000E-010
Stopped due to: Relative function convergence.
Number of iterations performed = 13
Final sum of squared deviations = 7.8044662E-004
Final sum of deviations = -4.3011627E-005
Standard error of estimate = 0.0279365
Average deviation = 0.0121489
Maximum deviation for any observation = 0.0211876
Proportion of variance explained (R^2) = 0.9967  (99.67%)
Adjusted coefficient of multiple determination (Ra^2) = 0.9900  (99.00%)
Durbin-Watson test for autocorrelation = 3.341
Parameter values will be written to C:\Users\peleg\OneDrive\doktorát\experiment_disertace\výsledky\fin_výsl\slovo_slabika_foném\pov_SSF\types_pov_SSF\vysl_compl_SSF_types_pov\param_compl_types_pov_10.par
Analysis completed  9-Mar-2023 14:10.  Runtime = 0.00 seconds.


             ----  Descriptive Statistics for Variables  ----

 Variable    Minimum value   Maximum value    Mean value     Standard dev.
----------  --------------  --------------  --------------  --------------
         x               1            4.11          2.5275        1.334051
         y            2.31            2.92            2.53       0.2786874


                   ----  Calculated Parameter Values  ----

 Parameter  Initial guess   Final estimate   Standard error      t      Prob(t)
----------  -------------  ----------------  --------------  ---------  -------
         a              1        2.76348855      0.06185639      44.68  0.01425
         b              1      -0.292722128      0.05062663      -5.78  0.10903
         c              1      0.0561617304      0.02382546       2.36  0.25542


                  ----  Analysis of Variance  ----

  Source     DF   Sum of Squares    Mean Square    F value   Prob(F)
----------  ----  --------------  --------------  ---------  -------
Regression     2       0.2322196       0.1161098     148.77  0.05788
Error          1    0.0007804466    0.0007804466
Total          3           0.233

