   1: variable x,y;
   2: parameter a,b;
   3: function y=a*(x^b);
   4: Plot xlabel="x-Achse",ylabel="y-Achse";
   5: data;

Beginning computation...
Stopped due to: Relative function convergence.


   ----  Final Results  ----

NLREG version 5.4
Copyright (c) 1992-2002 Phillip H. Sherrod.  All rights reserved.
This is a registered copy of NLREG that may not be redistributed.

Number of observations = 7
Maximum allowed number of iterations = 500
Convergence tolerance factor = 1.000000E-010
Stopped due to: Relative function convergence.
Number of iterations performed = 9
Final sum of squared deviations = 1.7313578E-001
Final sum of deviations = -5.4096459E-005
Standard error of estimate = 0.186084
Average deviation = 0.12408
Maximum deviation for any observation = 0.32036
Proportion of variance explained (R^2) = 0.0554  (5.54%)
Adjusted coefficient of multiple determination (Ra^2) = -0.1335  (-13.35%)
Durbin-Watson test for autocorrelation = 2.072
Parameter values will be written to C:\Users\peleg\OneDrive\doktorát\experiment_disertace\výsledky\fin_výsl\syntax\typ1\KSM1_oprava\dop_KSM1\vysl_trunc_KSM1_dop\param_trunc_KSM1_dop_05.par
Analysis completed  5-Apr-2023 12:16.  Runtime = 0.00 seconds.


             ----  Descriptive Statistics for Variables  ----

 Variable    Minimum value   Maximum value    Mean value     Standard dev.
----------  --------------  --------------  --------------  --------------
         x            1.87             9.9            5.31        2.735392
         y            2.25             2.8        2.468571       0.1747788


                   ----  Calculated Parameter Values  ----

 Parameter  Initial guess   Final estimate   Standard error      t      Prob(t)
----------  -------------  ----------------  --------------  ---------  -------
         a              1        2.58182787       0.2268201      11.38  0.00009
         b              1     -0.0291310948       0.0543948      -0.54  0.61522


                  ----  Analysis of Variance  ----

  Source     DF   Sum of Squares    Mean Square    F value   Prob(F)
----------  ----  --------------  --------------  ---------  -------
Regression     1      0.01014994      0.01014994       0.29  0.61147
Error          5       0.1731358      0.03462716
Total          6       0.1832857

