   1: variable x,y;
   2: parameter a,b;
   3: function y=a*(x^b);
   4: Plot xlabel="x-Achse",ylabel="y-Achse";
   5: data;

Beginning computation...
Stopped due to: Relative function convergence.


   ----  Final Results  ----

NLREG version 5.4
Copyright (c) 1992-2002 Phillip H. Sherrod.  All rights reserved.
This is a registered copy of NLREG that may not be redistributed.

Number of observations = 9
Maximum allowed number of iterations = 500
Convergence tolerance factor = 1.000000E-010
Stopped due to: Relative function convergence.
Number of iterations performed = 10
Final sum of squared deviations = 1.0639575E-001
Final sum of deviations = 2.6746615E-004
Standard error of estimate = 0.123286
Average deviation = 0.0943361
Maximum deviation for any observation = 0.159259
Proportion of variance explained (R^2) = 0.2864  (28.64%)
Adjusted coefficient of multiple determination (Ra^2) = 0.1844  (18.44%)
Durbin-Watson test for autocorrelation = 2.957
Parameter values will be written to C:\Users\peleg\OneDrive\doktorát\experiment_disertace\výsledky\fin_výsl\syntax\typ1\KSM1_oprava\dop_KSM1\vysl_trunc_KSM1_dop\param_trunc_KSM1_dop_01.par
Analysis completed  5-Apr-2023 12:16.  Runtime = 0.00 seconds.


             ----  Descriptive Statistics for Variables  ----

 Variable    Minimum value   Maximum value    Mean value     Standard dev.
----------  --------------  --------------  --------------  --------------
         x            1.78            17.2        6.886667        4.625646
         y            2.18            2.66        2.378889       0.1365141


                   ----  Calculated Parameter Values  ----

 Parameter  Initial guess   Final estimate   Standard error      t      Prob(t)
----------  -------------  ----------------  --------------  ---------  -------
         a              1        2.57717412       0.1272068      20.26  0.00001
         b              1     -0.0463383752      0.02719929      -1.70  0.13222


                  ----  Analysis of Variance  ----

  Source     DF   Sum of Squares    Mean Square    F value   Prob(F)
----------  ----  --------------  --------------  ---------  -------
Regression     1      0.04269314      0.04269314       2.81  0.13765
Error          7       0.1063957      0.01519939
Total          8       0.1490889

