   1: variable x,y;
   2: parameter a,b,c;
   3: function y=a*(x^b)*exp(c*x);
   4: Plot xlabel="x-Achse",ylabel="y-Achse";
   5: data;

Beginning computation...
Stopped due to: Relative function convergence.


   ----  Final Results  ----

NLREG version 5.4
Copyright (c) 1992-2002 Phillip H. Sherrod.  All rights reserved.
This is a registered copy of NLREG that may not be redistributed.

Number of observations = 8
Maximum allowed number of iterations = 500
Convergence tolerance factor = 1.000000E-010
Stopped due to: Relative function convergence.
Number of iterations performed = 20
Final sum of squared deviations = 2.5183113E-001
Final sum of deviations = -5.9472373E-006
Standard error of estimate = 0.224424
Average deviation = 0.124113
Maximum deviation for any observation = 0.34982
Proportion of variance explained (R^2) = 0.0162  (1.62%)
Adjusted coefficient of multiple determination (Ra^2) = -0.3773  (-37.73%)
Durbin-Watson test for autocorrelation = 2.353
Parameter values will be written to C:\Users\peleg\OneDrive\doktorát\experiment_disertace\výsledky\fin_výsl\zvukové_jednotky\VKT\pov_VKT\tokens_pov_VKT\vysl_compl_VKT_tokens_pov\param_compl_tokens_pov_04.par
Analysis completed 21-Feb-2023 07:46.  Runtime = 0.00 seconds.


             ----  Descriptive Statistics for Variables  ----

 Variable    Minimum value   Maximum value    Mean value     Standard dev.
----------  --------------  --------------  --------------  --------------
         x               1           10.11         4.76375        2.943894
         y            2.56            3.23         2.92625       0.1912319


                   ----  Calculated Parameter Values  ----

 Parameter  Initial guess   Final estimate   Standard error      t      Prob(t)
----------  -------------  ----------------  --------------  ---------  -------
         a              1          2.966944       0.1755901      16.90  0.00001
         b              1     -0.0262241063       0.1141978      -0.23  0.82747
         c              1     0.00455293484      0.02894784       0.16  0.88118


                  ----  Analysis of Variance  ----

  Source     DF   Sum of Squares    Mean Square    F value   Prob(F)
----------  ----  --------------  --------------  ---------  -------
Regression     2     0.004156369     0.002078185       0.04  0.95990
Error          5       0.2518311      0.05036623
Total          7       0.2559875

