   1: variable x,y;
   2: parameter a,b,c;
   3: function y=a*(x^b)*exp(c*x);
   4: Plot xlabel="x-Achse",ylabel="y-Achse";
   5: data;

Beginning computation...
Stopped due to: Relative function convergence.


   ----  Final Results  ----

NLREG version 5.4
Copyright (c) 1992-2002 Phillip H. Sherrod.  All rights reserved.
This is a registered copy of NLREG that may not be redistributed.

Number of observations = 5
Maximum allowed number of iterations = 500
Convergence tolerance factor = 1.000000E-010
Stopped due to: Relative function convergence.
Number of iterations performed = 25
Final sum of squared deviations = 3.3743208E-001
Final sum of deviations = -6.8631762E-003
Standard error of estimate = 0.410751
Average deviation = 0.204477
Maximum deviation for any observation = 0.459318
Proportion of variance explained (R^2) = 0.5862  (58.62%)
Adjusted coefficient of multiple determination (Ra^2) = 0.1724  (17.24%)
Durbin-Watson test for autocorrelation = 2.580
Parameter values will be written to C:\Users\peleg\OneDrive\doktorát\experiment_disertace\výsledky\fin_výsl\syntax\typ2\FSM2_oprava\stud_FSM2\vysl_compl_FSM2_stud\param_compl_FSM2_stud_02.par
Analysis completed  4-Apr-2023 16:33.  Runtime = 0.00 seconds.


             ----  Descriptive Statistics for Variables  ----

 Variable    Minimum value   Maximum value    Mean value     Standard dev.
----------  --------------  --------------  --------------  --------------
         x               1            11.6           4.406        4.216655
         y            1.85               3           2.632       0.4515197


                   ----  Calculated Parameter Values  ----

 Parameter  Initial guess   Final estimate   Standard error      t      Prob(t)
----------  -------------  ----------------  --------------  ---------  -------
         a              1        2.21728248        0.326937       6.78  0.02106
         b              1       0.354168166        0.266293       1.33  0.31492
         c              1     -0.0546702512      0.05418342      -1.01  0.41921


                  ----  Analysis of Variance  ----

  Source     DF   Sum of Squares    Mean Square    F value   Prob(F)
----------  ----  --------------  --------------  ---------  -------
Regression     2       0.4780479        0.239024       1.42  0.41378
Error          2       0.3374321        0.168716
Total          4         0.81548

