   1: variable x,y;
   2: parameter a,b,c;
   3: function y=a*(x^b)*exp(c*x);
   4: Plot xlabel="x-Achse",ylabel="y-Achse";
   5: data;

Beginning computation...
Stopped due to: Relative function convergence.


   ----  Final Results  ----

NLREG version 5.4
Copyright (c) 1992-2002 Phillip H. Sherrod.  All rights reserved.
This is a registered copy of NLREG that may not be redistributed.

Number of observations = 4
Maximum allowed number of iterations = 500
Convergence tolerance factor = 1.000000E-010
Stopped due to: Relative function convergence.
Number of iterations performed = 19
Final sum of squared deviations = 1.8538182E-002
Final sum of deviations = -1.7431790E-003
Standard error of estimate = 0.136155
Average deviation = 0.0587323
Maximum deviation for any observation = 0.106022
Proportion of variance explained (R^2) = 0.9549  (95.49%)
Adjusted coefficient of multiple determination (Ra^2) = 0.8647  (86.47%)
Durbin-Watson test for autocorrelation = 3.293
Parameter values will be written to C:\Users\peleg\OneDrive\doktorát\experiment_disertace\výsledky\fin_výsl\syntax\typ2\FSM2_oprava\stud_FSM2\vysl_compl_FSM2_stud\param_compl_FSM2_stud_09.par
Analysis completed  4-Apr-2023 16:33.  Runtime = 0.00 seconds.


             ----  Descriptive Statistics for Variables  ----

 Variable    Minimum value   Maximum value    Mean value     Standard dev.
----------  --------------  --------------  --------------  --------------
         x               1            9.05           3.895        3.590696
         y            1.83            2.63          2.3775       0.3701689


                   ----  Calculated Parameter Values  ----

 Parameter  Initial guess   Final estimate   Standard error      t      Prob(t)
----------  -------------  ----------------  --------------  ---------  -------
         a              1        2.05442509       0.1113129      18.46  0.03446
         b              1        0.46522767       0.1269358       3.67  0.16957
         c              1     -0.0889501549      0.03100679      -2.87  0.21353


                  ----  Analysis of Variance  ----

  Source     DF   Sum of Squares    Mean Square    F value   Prob(F)
----------  ----  --------------  --------------  ---------  -------
Regression     2       0.3925368       0.1962684      10.59  0.21236
Error          1      0.01853818      0.01853818
Total          3        0.411075

