   1: variable x,y;
   2: parameter a,b,c;
   3: function y=a*(x^b)*exp(-c*x);
   4: Plot xlabel="x-Achse",ylabel="y-Achse";
   5: data;

Beginning computation...
Stopped due to: Relative function convergence.


   ----  Final Results  ----

NLREG version 5.4
Copyright (c) 1992-2002 Phillip H. Sherrod.  All rights reserved.
This is a registered copy of NLREG that may not be redistributed.

Number of observations = 5
Maximum allowed number of iterations = 500
Convergence tolerance factor = 1.000000E-010
Stopped due to: Relative function convergence.
Number of iterations performed = 17
Final sum of squared deviations = 8.9838359E-001
Final sum of deviations = -7.0729538E-003
Standard error of estimate = 0.670218
Average deviation = 0.337447
Maximum deviation for any observation = 0.78134
Proportion of variance explained (R^2) = 0.2775  (27.75%)
Adjusted coefficient of multiple determination (Ra^2) = -0.4450  (-44.50%)
Durbin-Watson test for autocorrelation = 2.783
Parameter values will be written to C:\Users\peleg\OneDrive\doktorát\experiment_disertace\výsledky\fin_výsl\syntax\typ3\FSM3\stud_FSM3\vysl_compl_FSM3_stud_minus_c\param_compl_FSM3_stud_02_minus_c.par
Analysis completed  8-Apr-2023 09:59.  Runtime = 0.00 seconds.


             ----  Descriptive Statistics for Variables  ----

 Variable    Minimum value   Maximum value    Mean value     Standard dev.
----------  --------------  --------------  --------------  --------------
         x               1            20.6           6.716        8.065189
         y            1.84             3.4           2.688       0.5575572


                   ----  Calculated Parameter Values  ----

 Parameter  Initial guess   Final estimate   Standard error      t      Prob(t)
----------  -------------  ----------------  --------------  ---------  -------
         a              1        2.35665285       0.5329135       4.42  0.04752
         b              1       0.233468993       0.2919278       0.80  0.50775
         c              1      0.0282040648      0.04095875       0.69  0.56223


                  ----  Analysis of Variance  ----

  Source     DF   Sum of Squares    Mean Square    F value   Prob(F)
----------  ----  --------------  --------------  ---------  -------
Regression     2       0.3450964       0.1725482       0.38  0.72248
Error          2       0.8983836       0.4491918
Total          4         1.24348

