   1: variable x,y;
   2: parameter a,b;
   3: function y=a*(x^b);
   4: Plot xlabel="x-Achse",ylabel="y-Achse";
   5: data;

Beginning computation...
Stopped due to: Relative function convergence.


   ----  Final Results  ----

NLREG version 5.4
Copyright (c) 1992-2002 Phillip H. Sherrod.  All rights reserved.
This is a registered copy of NLREG that may not be redistributed.

Number of observations = 4
Maximum allowed number of iterations = 500
Convergence tolerance factor = 1.000000E-010
Stopped due to: Relative function convergence.
Number of iterations performed = 9
Final sum of squared deviations = 7.9855799E-003
Final sum of deviations = 4.2989991E-005
Standard error of estimate = 0.0631885
Average deviation = 0.0379278
Maximum deviation for any observation = 0.0702568
Proportion of variance explained (R^2) = 0.9411  (94.11%)
Adjusted coefficient of multiple determination (Ra^2) = 0.9117  (91.17%)
Durbin-Watson test for autocorrelation = 3.286
Parameter values will be written to C:\Users\peleg\OneDrive\doktorát\experiment_disertace\výsledky\fin_výsl\syntax\typ2\KFS2\stud_KFS2\vysl_trunc_KFS2_stud\param_trunc_KFS2_stud_03.par
Analysis completed  4-Jan-2023 19:54.  Runtime = 0.00 seconds.


             ----  Descriptive Statistics for Variables  ----

 Variable    Minimum value   Maximum value    Mean value     Standard dev.
----------  --------------  --------------  --------------  --------------
         x            1.81             5.5          3.5775        1.563338
         y            2.38            2.83          2.5675       0.2126617


                   ----  Calculated Parameter Values  ----

 Parameter  Initial guess   Final estimate   Standard error      t      Prob(t)
----------  -------------  ----------------  --------------  ---------  -------
         a              1        3.13435032        0.112494      27.86  0.00129
         b              1      -0.168838466       0.0296245      -5.70  0.02943


                  ----  Analysis of Variance  ----

  Source     DF   Sum of Squares    Mean Square    F value   Prob(F)
----------  ----  --------------  --------------  ---------  -------
Regression     1       0.1276894       0.1276894      31.98  0.02988
Error          2      0.00798558      0.00399279
Total          3        0.135675

