   1: variable x,y;
   2: parameter b;
   3: function y=2.85*(x^b);
   4: Plot xlabel="x-Achse",ylabel="y-Achse";
   5: data;

Beginning computation...
Stopped due to: Both parameter and relative function convergence.


   ----  Final Results  ----

NLREG version 5.4
Copyright (c) 1992-2002 Phillip H. Sherrod.  All rights reserved.
This is a registered copy of NLREG that may not be redistributed.

Number of observations = 5
Maximum allowed number of iterations = 500
Convergence tolerance factor = 1.000000E-010
Stopped due to: Both parameter and relative function convergence.
Number of iterations performed = 9
Final sum of squared deviations = 2.4309297E-001
Final sum of deviations = 1.1095049E-001
Standard error of estimate = 0.246522
Average deviation = 0.160458
Maximum deviation for any observation = 0.406351
Proportion of variance explained (R^2) = 0.5424  (54.24%)
Adjusted coefficient of multiple determination (Ra^2) = 0.5424  (54.24%)
Durbin-Watson test for autocorrelation = 2.496
Parameter values will be written to C:\Users\peleg\OneDrive\doktorát\experiment_disertace\výsledky\fin_výsl\syntax\typ2\KFS2\stud_KFS2\vysl_trunc_KFS2_stud\param_trunc_KFS2_stud_10.par
Analysis completed  4-Jan-2023 19:54.  Runtime = 0.00 seconds.


             ----  Descriptive Statistics for Variables  ----

 Variable    Minimum value   Maximum value    Mean value     Standard dev.
----------  --------------  --------------  --------------  --------------
         x               1            5.67           3.134        1.805486
         y            2.11            2.87           2.532       0.3644448


                   ----  Calculated Parameter Values  ----

 Parameter  Initial guess   Final estimate   Standard error      t      Prob(t)
----------  -------------  ----------------  --------------  ---------  -------
         b              1      -0.132599298      0.04062885      -3.26  0.03097

