   1: variable x,y;
   2: parameter a,b,c;
   3: function y=a*(x^b)*exp(c*x);
   4: Plot xlabel="x-Achse",ylabel="y-Achse";
   5: data;

Beginning computation...
Stopped due to: Relative function convergence.


   ----  Final Results  ----

NLREG version 5.4
Copyright (c) 1992-2002 Phillip H. Sherrod.  All rights reserved.
This is a registered copy of NLREG that may not be redistributed.

Number of observations = 5
Maximum allowed number of iterations = 500
Convergence tolerance factor = 1.000000E-010
Stopped due to: Relative function convergence.
Number of iterations performed = 15
Final sum of squared deviations = 1.0577365E-002
Final sum of deviations = 2.1743783E-005
Standard error of estimate = 0.0727233
Average deviation = 0.0411738
Maximum deviation for any observation = 0.0797547
Proportion of variance explained (R^2) = 0.7714  (77.14%)
Adjusted coefficient of multiple determination (Ra^2) = 0.5429  (54.29%)
Durbin-Watson test for autocorrelation = 2.716
Parameter values will be written to C:\Users\peleg\OneDrive\doktorát\experiment_disertace\výsledky\fin_výsl\syntax\typ2\VKF2\stud_VKF2\vysl_compl_VKF2_stud\param_compl_VKF2_stud_08.par
Analysis completed  4-Jan-2023 19:54.  Runtime = 0.00 seconds.


             ----  Descriptive Statistics for Variables  ----

 Variable    Minimum value   Maximum value    Mean value     Standard dev.
----------  --------------  --------------  --------------  --------------
         x               1            6.08           3.216        1.952762
         y            2.93            3.22           3.048       0.1075639


                   ----  Calculated Parameter Values  ----

 Parameter  Initial guess   Final estimate   Standard error      t      Prob(t)
----------  -------------  ----------------  --------------  ---------  -------
         a              1         3.1733124      0.07305526      43.44  0.00053
         b              1     -0.0631376353      0.06212352      -1.02  0.41642
         c              1     0.00691883862      0.02224546       0.31  0.78521


                  ----  Analysis of Variance  ----

  Source     DF   Sum of Squares    Mean Square    F value   Prob(F)
----------  ----  --------------  --------------  ---------  -------
Regression     2      0.03570263      0.01785132       3.38  0.22855
Error          2      0.01057737     0.005288683
Total          4         0.04628

