   1: variable x,y;
   2: parameter a,b,c;
   3: function y=a*(x^b)*exp(-c*x);
   4: Plot xlabel="x-Achse",ylabel="y-Achse";
   5: data;

Beginning computation...
Stopped due to: Relative function convergence.


   ----  Final Results  ----

NLREG version 5.4
Copyright (c) 1992-2002 Phillip H. Sherrod.  All rights reserved.
This is a registered copy of NLREG that may not be redistributed.

Number of observations = 7
Maximum allowed number of iterations = 500
Convergence tolerance factor = 1.000000E-010
Stopped due to: Relative function convergence.
Number of iterations performed = 13
Final sum of squared deviations = 3.9553469E-002
Final sum of deviations = -5.7796444E-004
Standard error of estimate = 0.0994403
Average deviation = 0.0660769
Maximum deviation for any observation = 0.1172
Proportion of variance explained (R^2) = 0.6980  (69.80%)
Adjusted coefficient of multiple determination (Ra^2) = 0.5470  (54.70%)
Durbin-Watson test for autocorrelation = 2.155
Parameter values will be written to C:\Users\peleg\OneDrive\doktorát\experiment_disertace\výsledky\fin_výsl\syntax\typ2\FSM2\pov_FSM2\vysl_compl_FSM2_pov_minus_c\param_compl_FSM2_pov_06_minus_c.par
Analysis completed 13-Apr-2023 16:00.  Runtime = 0.00 seconds.


             ----  Descriptive Statistics for Variables  ----

 Variable    Minimum value   Maximum value    Mean value     Standard dev.
----------  --------------  --------------  --------------  --------------
         x               1            9.88        4.411429        2.954925
         y            1.89             2.3        2.215714        0.147745


                   ----  Calculated Parameter Values  ----

 Parameter  Initial guess   Final estimate   Standard error      t      Prob(t)
----------  -------------  ----------------  --------------  ---------  -------
         a              1        2.02725285      0.07818355      25.93  0.00001
         b              1       0.171765137      0.07233907       2.37  0.07645
         c              1      0.0294853422      0.01791822       1.65  0.17520


                  ----  Analysis of Variance  ----

  Source     DF   Sum of Squares    Mean Square    F value   Prob(F)
----------  ----  --------------  --------------  ---------  -------
Regression     2      0.09141796      0.04570898       4.62  0.09120
Error          4      0.03955347     0.009888367
Total          6       0.1309714

