   1: variable x,y;
   2: parameter a,b,c;
   3: function y=a*(x^b)*exp(c*x);
   4: Plot xlabel="x-Achse",ylabel="y-Achse";
   5: data;

Beginning computation...
Stopped due to: Relative function convergence.


   ----  Final Results  ----

NLREG version 5.4
Copyright (c) 1992-2002 Phillip H. Sherrod.  All rights reserved.
This is a registered copy of NLREG that may not be redistributed.

Number of observations = 4
Maximum allowed number of iterations = 500
Convergence tolerance factor = 1.000000E-010
Stopped due to: Relative function convergence.
Number of iterations performed = 13
Final sum of squared deviations = 1.0780853E-004
Final sum of deviations = -7.0793905E-006
Standard error of estimate = 0.0103831
Average deviation = 0.00452143
Maximum deviation for any observation = 0.00775115
Proportion of variance explained (R^2) = 0.9989  (99.89%)
Adjusted coefficient of multiple determination (Ra^2) = 0.9968  (99.68%)
Durbin-Watson test for autocorrelation = 3.353
Parameter values will be written to C:\Users\peleg\OneDrive\doktorát\experiment_disertace\výsledky\fin_výsl\slovo_slabika_foném\dop_SSF\types_dop_SSF\vysl_compl_SSF_types_dop\param_compl_types_dop_04.par
Analysis completed  9-Mar-2023 13:16.  Runtime = 0.00 seconds.


             ----  Descriptive Statistics for Variables  ----

 Variable    Minimum value   Maximum value    Mean value     Standard dev.
----------  --------------  --------------  --------------  --------------
         x               1            4.21          2.5525        1.373933
         y            2.25            2.66          2.4075       0.1828251


                   ----  Calculated Parameter Values  ----

 Parameter  Initial guess   Final estimate   Standard error      t      Prob(t)
----------  -------------  ----------------  --------------  ---------  -------
         a              1        2.58467331      0.02102682     122.92  0.00518
         b              1      -0.182928097      0.01897785      -9.64  0.06581
         c              1      0.0292138192     0.008724511       3.35  0.18475


                  ----  Analysis of Variance  ----

  Source     DF   Sum of Squares    Mean Square    F value   Prob(F)
----------  ----  --------------  --------------  ---------  -------
Regression     2       0.1001672       0.0500836     464.56  0.03279
Error          1    0.0001078085    0.0001078085
Total          3        0.100275

