   1: variable x,y;
   2: parameter a,b,c;
   3: function y=a*(x^b)*exp(c*x);
   4: Plot xlabel="x-Achse",ylabel="y-Achse";
   5: data;

Beginning computation...
Stopped due to: Both parameter and relative function convergence.


   ----  Final Results  ----

NLREG version 5.4
Copyright (c) 1992-2002 Phillip H. Sherrod.  All rights reserved.
This is a registered copy of NLREG that may not be redistributed.

Number of observations = 4
Maximum allowed number of iterations = 500
Convergence tolerance factor = 1.000000E-010
Stopped due to: Both parameter and relative function convergence.
Number of iterations performed = 14
Final sum of squared deviations = 3.9278255E-003
Final sum of deviations = -1.5111104E-004
Standard error of estimate = 0.0626724
Average deviation = 0.0271342
Maximum deviation for any observation = 0.0471006
Proportion of variance explained (R^2) = 0.9873  (98.73%)
Adjusted coefficient of multiple determination (Ra^2) = 0.9618  (96.18%)
Durbin-Watson test for autocorrelation = 3.345
Parameter values will be written to C:\Users\peleg\OneDrive\doktorát\experiment_disertace\výsledky\fin_výsl\slovo_slabika_foném\dop_SSF\types_dop_SSF\vysl_compl_SSF_types_dop\param_compl_types_dop_08.par
Analysis completed  9-Mar-2023 13:16.  Runtime = 0.00 seconds.


             ----  Descriptive Statistics for Variables  ----

 Variable    Minimum value   Maximum value    Mean value     Standard dev.
----------  --------------  --------------  --------------  --------------
         x               1            4.24            2.56        1.386025
         y             2.3            2.98          2.5325       0.3207673


                   ----  Calculated Parameter Values  ----

 Parameter  Initial guess   Final estimate   Standard error      t      Prob(t)
----------  -------------  ----------------  --------------  ---------  -------
         a              1        2.76088821       0.1295188      21.32  0.02984
         b              1       -0.36297379        0.107668      -3.37  0.18358
         c              1      0.0787985941       0.0498491       1.58  0.35909


                  ----  Analysis of Variance  ----

  Source     DF   Sum of Squares    Mean Square    F value   Prob(F)
----------  ----  --------------  --------------  ---------  -------
Regression     2       0.3047472       0.1523736      38.79  0.11280
Error          1     0.003927826     0.003927826
Total          3        0.308675

