   1: variable x,y;
   2: parameter a,b,c;
   3: function y=a*(x^b)*exp(c*x);
   4: Plot xlabel="x-Achse",ylabel="y-Achse";
   5: data;

Beginning computation...
Stopped due to: Relative function convergence.


   ----  Final Results  ----

NLREG version 5.4
Copyright (c) 1992-2002 Phillip H. Sherrod.  All rights reserved.
This is a registered copy of NLREG that may not be redistributed.

Number of observations = 4
Maximum allowed number of iterations = 500
Convergence tolerance factor = 1.000000E-010
Stopped due to: Relative function convergence.
Number of iterations performed = 16
Final sum of squared deviations = 3.7227301E-002
Final sum of deviations = -2.1827260E-006
Standard error of estimate = 0.192944
Average deviation = 0.0807898
Maximum deviation for any observation = 0.141673
Proportion of variance explained (R^2) = 0.2308  (23.08%)
Adjusted coefficient of multiple determination (Ra^2) = -1.3075  (-130.75%)
Durbin-Watson test for autocorrelation = 3.313
Parameter values will be written to C:\Users\peleg\OneDrive\doktorát\experiment_disertace\výsledky\fin_výsl\zvukové_jednotky\VKT\dop_VKT\tokens_dop_VKT\vysl_compl_VKT_tokens_dop\param_compl_tokens_dop_03.par
Analysis completed 21-Feb-2023 07:46.  Runtime = 0.00 seconds.


             ----  Descriptive Statistics for Variables  ----

 Variable    Minimum value   Maximum value    Mean value     Standard dev.
----------  --------------  --------------  --------------  --------------
         x               1            6.06           3.015        2.188051
         y            2.38            2.64            2.57       0.1270171


                   ----  Calculated Parameter Values  ----

 Parameter  Initial guess   Final estimate   Standard error      t      Prob(t)
----------  -------------  ----------------  --------------  ---------  -------
         a              1        2.50255554       0.1850287      13.53  0.04698
         b              1       -0.10174403       0.2139864      -0.48  0.71745
         c              1      0.0390668094      0.07361707       0.53  0.68940


                  ----  Analysis of Variance  ----

  Source     DF   Sum of Squares    Mean Square    F value   Prob(F)
----------  ----  --------------  --------------  ---------  -------
Regression     2       0.0111727      0.00558635       0.15  0.87702
Error          1       0.0372273       0.0372273
Total          3          0.0484

