   1: variable x,y;
   2: parameter a,b,c;
   3: function y=a*(x^b)*exp(c*x);
   4: Plot xlabel="x-Achse",ylabel="y-Achse";
   5: data;

Beginning computation...
Stopped due to: Both parameter and relative function convergence.


   ----  Final Results  ----

NLREG version 5.4
Copyright (c) 1992-2002 Phillip H. Sherrod.  All rights reserved.
This is a registered copy of NLREG that may not be redistributed.

Number of observations = 5
Maximum allowed number of iterations = 500
Convergence tolerance factor = 1.000000E-010
Stopped due to: Both parameter and relative function convergence.
Number of iterations performed = 15
Final sum of squared deviations = 1.6859005E-002
Final sum of deviations = -1.2646029E-005
Standard error of estimate = 0.0918123
Average deviation = 0.0456978
Maximum deviation for any observation = 0.0950312
Proportion of variance explained (R^2) = 0.9046  (90.46%)
Adjusted coefficient of multiple determination (Ra^2) = 0.8092  (80.92%)
Durbin-Watson test for autocorrelation = 3.439
Parameter values will be written to C:\Users\peleg\OneDrive\doktorát\experiment_disertace\výsledky\fin_výsl\syntax\typ2\VKF2\pov_VKF2\vysl_compl_VKF2_pov\param_compl_VKF2_pov_01.par
Analysis completed  4-Jan-2023 19:54.  Runtime = 0.00 seconds.


             ----  Descriptive Statistics for Variables  ----

 Variable    Minimum value   Maximum value    Mean value     Standard dev.
----------  --------------  --------------  --------------  --------------
         x               1               6             3.2        1.923538
         y            2.79            3.32           2.998       0.2101666


                   ----  Calculated Parameter Values  ----

 Parameter  Initial guess   Final estimate   Standard error      t      Prob(t)
----------  -------------  ----------------  --------------  ---------  -------
         a              1        3.25133522      0.09734737      33.40  0.00090
         b              1       -0.14812182      0.08022644      -1.85  0.20613
         c              1      0.0201198471      0.02943245       0.68  0.56480


                  ----  Analysis of Variance  ----

  Source     DF   Sum of Squares    Mean Square    F value   Prob(F)
----------  ----  --------------  --------------  ---------  -------
Regression     2        0.159821       0.0799105       9.48  0.09542
Error          2      0.01685901     0.008429503
Total          4         0.17668

