   1: variable x,y;
   2: parameter a,b,c;
   3: function y=a*(x^b)*exp(c*x);
   4: Plot xlabel="x-Achse",ylabel="y-Achse";
   5: data;

Beginning computation...
Stopped due to: Both parameter and relative function convergence.


   ----  Final Results  ----

NLREG version 5.4
Copyright (c) 1992-2002 Phillip H. Sherrod.  All rights reserved.
This is a registered copy of NLREG that may not be redistributed.

Number of observations = 6
Maximum allowed number of iterations = 500
Convergence tolerance factor = 1.000000E-010
Stopped due to: Both parameter and relative function convergence.
Number of iterations performed = 16
Final sum of squared deviations = 6.5640743E-004
Final sum of deviations = 1.6200928E-004
Standard error of estimate = 0.014792
Average deviation = 0.00788832
Maximum deviation for any observation = 0.0206858
Proportion of variance explained (R^2) = 0.9995  (99.95%)
Adjusted coefficient of multiple determination (Ra^2) = 0.9992  (99.92%)
Durbin-Watson test for autocorrelation = 3.266
Parameter values will be written to C:\Users\peleg\OneDrive\doktorát\experiment_disertace\výsledky\fin_výsl\slovo_morfém_foném_oprava\dop_SMF\types_dop_SMF\vysl_compl_SMF_types_dop\param_compl_types_dop_05.par
Analysis completed  2-Apr-2023 17:15.  Runtime = 0.00 seconds.


             ----  Descriptive Statistics for Variables  ----

 Variable    Minimum value   Maximum value    Mean value     Standard dev.
----------  --------------  --------------  --------------  --------------
         x               1             6.1        3.516667        1.897806
         y            1.66               3           1.985       0.5126695


                   ----  Calculated Parameter Values  ----

 Parameter  Initial guess   Final estimate   Standard error      t      Prob(t)
----------  -------------  ----------------  --------------  ---------  -------
         a              1        2.44867223      0.01697494     144.25  0.00001
         b              1      -0.860541885      0.01818317     -47.33  0.00002
         c              1       0.202753094     0.006900497      29.38  0.00009


                  ----  Analysis of Variance  ----

  Source     DF   Sum of Squares    Mean Square    F value   Prob(F)
----------  ----  --------------  --------------  ---------  -------
Regression     2        1.313494       0.6567468    3001.55  0.00001
Error          3    0.0006564074    0.0002188025
Total          5         1.31415

