   1: variable x,y;
   2: parameter b;
   3: function y=15.87*(x^b);
   4: Plot xlabel="x-Achse",ylabel="y-Achse";
   5: data;

Beginning computation...
Stopped due to: Relative function convergence.


   ----  Final Results  ----

NLREG version 5.4
Copyright (c) 1992-2002 Phillip H. Sherrod.  All rights reserved.
This is a registered copy of NLREG that may not be redistributed.

Number of observations = 7
Maximum allowed number of iterations = 500
Convergence tolerance factor = 1.000000E-010
Stopped due to: Relative function convergence.
Number of iterations performed = 12
Final sum of squared deviations = 5.9990505E+000
Final sum of deviations = 1.5865069E-001
Standard error of estimate = 0.999921
Average deviation = 0.703347
Maximum deviation for any observation = 1.77453
Proportion of variance explained (R^2) = 0.9449  (94.49%)
Adjusted coefficient of multiple determination (Ra^2) = 0.9449  (94.49%)
Durbin-Watson test for autocorrelation = 0.968
Parameter values will be written to C:\Users\peleg\OneDrive\doktorát\experiment_disertace\výsledky\fin_výsl\syntax\typ3\VFS3\studVFS3\vysl_trunc_VFS3_stud\param_trunc_VFS3_stud_slouè.par
Analysis completed  4-Jan-2023 19:59.  Runtime = 0.00 seconds.


             ----  Descriptive Statistics for Variables  ----

 Variable    Minimum value   Maximum value    Mean value     Standard dev.
----------  --------------  --------------  --------------  --------------
         x               1            7.22        4.031429        2.212144
         y            4.04           15.87        6.488571        4.257943


                   ----  Calculated Parameter Values  ----

 Parameter  Initial guess   Final estimate   Standard error      t      Prob(t)
----------  -------------  ----------------  --------------  ---------  -------
         b              1      -0.876441872      0.06630713     -13.22  0.00001

