   1: variable x,y;
   2: parameter a,b,c;
   3: function y=a*(x^b)*exp(c*x);
   4: Plot xlabel="x-Achse",ylabel="y-Achse";
   5: data;

Beginning computation...
Stopped due to: Relative function convergence.


   ----  Final Results  ----

NLREG version 5.4
Copyright (c) 1992-2002 Phillip H. Sherrod.  All rights reserved.
This is a registered copy of NLREG that may not be redistributed.

Number of observations = 6
Maximum allowed number of iterations = 500
Convergence tolerance factor = 1.000000E-010
Stopped due to: Relative function convergence.
Number of iterations performed = 16
Final sum of squared deviations = 7.2164609E-003
Final sum of deviations = -1.2178003E-004
Standard error of estimate = 0.0490458
Average deviation = 0.0251687
Maximum deviation for any observation = 0.0708079
Proportion of variance explained (R^2) = 0.9849  (98.49%)
Adjusted coefficient of multiple determination (Ra^2) = 0.9748  (97.48%)
Durbin-Watson test for autocorrelation = 2.749
Parameter values will be written to C:\Users\peleg\OneDrive\doktorát\experiment_disertace\výsledky\fin_výsl\slovo_slabika_foném\stud_SSF\types_stud_SSF\vysl_compl_SSF_types_stud\param_compl_types_stud_07.par
Analysis completed  9-Mar-2023 13:16.  Runtime = 0.00 seconds.


             ----  Descriptive Statistics for Variables  ----

 Variable    Minimum value   Maximum value    Mean value     Standard dev.
----------  --------------  --------------  --------------  --------------
         x               1               6             3.5        1.870829
         y            2.12            2.96        2.413333       0.3091709


                   ----  Calculated Parameter Values  ----

 Parameter  Initial guess   Final estimate   Standard error      t      Prob(t)
----------  -------------  ----------------  --------------  ---------  -------
         a              1         2.8874143      0.05548672      52.04  0.00002
         b              1      -0.253667915      0.05164447      -4.91  0.01616
         c              1      0.0264343499      0.01922092       1.38  0.26275


                  ----  Analysis of Variance  ----

  Source     DF   Sum of Squares    Mean Square    F value   Prob(F)
----------  ----  --------------  --------------  ---------  -------
Regression     2       0.4707169       0.2353584      97.84  0.00186
Error          3     0.007216461     0.002405487
Total          5       0.4779333

