   1: variable x,y;
   2: parameter b;
   3: function y=2.48*(x^b);
   4: Plot xlabel="x-Achse",ylabel="y-Achse";
   5: data;

Beginning computation...
Stopped due to: Both parameter and relative function convergence.


   ----  Final Results  ----

NLREG version 5.4
Copyright (c) 1992-2002 Phillip H. Sherrod.  All rights reserved.
This is a registered copy of NLREG that may not be redistributed.

Number of observations = 5
Maximum allowed number of iterations = 500
Convergence tolerance factor = 1.000000E-010
Stopped due to: Both parameter and relative function convergence.
Number of iterations performed = 9
Final sum of squared deviations = 5.7687293E-003
Final sum of deviations = 3.5890431E-002
Standard error of estimate = 0.0379761
Average deviation = 0.0250838
Maximum deviation for any observation = 0.0655134
Proportion of variance explained (R^2) = 0.8885  (88.85%)
Adjusted coefficient of multiple determination (Ra^2) = 0.8885  (88.85%)
Durbin-Watson test for autocorrelation = 1.678
Parameter values will be written to C:\Users\peleg\OneDrive\doktorát\experiment_disertace\výsledky\fin_výsl\slovo_slabika_foném\poh_SSF\tokens_poh_SSF\vysl_trunc_SSF_tokens_poh\param_trunc_tokens_poh_04.par
Analysis completed  9-Mar-2023 13:16.  Runtime = 0.00 seconds.


             ----  Descriptive Statistics for Variables  ----

 Variable    Minimum value   Maximum value    Mean value     Standard dev.
----------  --------------  --------------  --------------  --------------
         x               1            5.02           3.004        1.587476
         y            2.23            2.48           2.344       0.1137102


                   ----  Calculated Parameter Values  ----

 Parameter  Initial guess   Final estimate   Standard error      t      Prob(t)
----------  -------------  ----------------  --------------  ---------  -------
         b              1     -0.0627245161     0.006693825      -9.37  0.00072

