   1: variable x,y;
   2: parameter b;
   3: function y=2.95*(x^b);
   4: Plot xlabel="x-Achse",ylabel="y-Achse";
   5: data;

Beginning computation...
Stopped due to: Both parameter and relative function convergence.


   ----  Final Results  ----

NLREG version 5.4
Copyright (c) 1992-2002 Phillip H. Sherrod.  All rights reserved.
This is a registered copy of NLREG that may not be redistributed.

Number of observations = 5
Maximum allowed number of iterations = 500
Convergence tolerance factor = 1.000000E-010
Stopped due to: Both parameter and relative function convergence.
Number of iterations performed = 9
Final sum of squared deviations = 2.5174218E-003
Final sum of deviations = -1.6560531E-002
Standard error of estimate = 0.025087
Average deviation = 0.0186668
Maximum deviation for any observation = 0.0383868
Proportion of variance explained (R^2) = 0.9929  (99.29%)
Adjusted coefficient of multiple determination (Ra^2) = 0.9929  (99.29%)
Durbin-Watson test for autocorrelation = 1.524
Parameter values will be written to C:\Users\peleg\OneDrive\doktorát\experiment_disertace\výsledky\fin_výsl\slovo_slabika_foném\poh_SSF\types_poh_SSF\vysl_trunc_SSF_types_poh\param_trunc_types_poh_03.par
Analysis completed  9-Mar-2023 13:16.  Runtime = 0.00 seconds.


             ----  Descriptive Statistics for Variables  ----

 Variable    Minimum value   Maximum value    Mean value     Standard dev.
----------  --------------  --------------  --------------  --------------
         x               1            5.05            3.01        1.597028
         y            2.22            2.95           2.478       0.2971027


                   ----  Calculated Parameter Values  ----

 Parameter  Initial guess   Final estimate   Standard error      t      Prob(t)
----------  -------------  ----------------  --------------  ---------  -------
         b              1      -0.186329977     0.004389609     -42.45  0.00001

