   1: variable x,y;
   2: parameter a,b,c;
   3: function y=a*(x^b)*exp(c*x);
   4: Plot xlabel="x-Achse",ylabel="y-Achse";
   5: data;

Beginning computation...
Stopped due to: Relative function convergence.


   ----  Final Results  ----

NLREG version 5.4
Copyright (c) 1992-2002 Phillip H. Sherrod.  All rights reserved.
This is a registered copy of NLREG that may not be redistributed.

Number of observations = 5
Maximum allowed number of iterations = 500
Convergence tolerance factor = 1.000000E-010
Stopped due to: Relative function convergence.
Number of iterations performed = 16
Final sum of squared deviations = 3.5481505E-002
Final sum of deviations = 1.6096285E-004
Standard error of estimate = 0.133194
Average deviation = 0.0691547
Maximum deviation for any observation = 0.131177
Proportion of variance explained (R^2) = 0.6284  (62.84%)
Adjusted coefficient of multiple determination (Ra^2) = 0.2568  (25.68%)
Durbin-Watson test for autocorrelation = 2.532
Parameter values will be written to C:\Users\peleg\OneDrive\doktorát\experiment_disertace\výsledky\fin_výsl\zvukové_jednotky\KTS\dop_KTS\tokens_dop_KTS\vysl_compl_KTS_tokens_dop\param_compl_tokens_dop_09.par
Analysis completed 21-Feb-2023 07:46.  Runtime = 0.00 seconds.


             ----  Descriptive Statistics for Variables  ----

 Variable    Minimum value   Maximum value    Mean value     Standard dev.
----------  --------------  --------------  --------------  --------------
         x               1             6.2            3.24        1.996998
         y            2.72            3.09           2.838       0.1544992


                   ----  Calculated Parameter Values  ----

 Parameter  Initial guess   Final estimate   Standard error      t      Prob(t)
----------  -------------  ----------------  --------------  ---------  -------
         a              1        2.95151252       0.1302085      22.67  0.00194
         b              1      -0.144335722       0.1186786      -1.22  0.34797
         c              1      0.0322367067      0.04203806       0.77  0.52333


                  ----  Analysis of Variance  ----

  Source     DF   Sum of Squares    Mean Square    F value   Prob(F)
----------  ----  --------------  --------------  ---------  -------
Regression     2      0.05999849      0.02999925       1.69  0.37161
Error          2      0.03548151      0.01774075
Total          4         0.09548

