   1: variable x,y;
   2: parameter b;
   3: function y=4.35*(x^b);
   4: Plot xlabel="x-Achse",ylabel="y-Achse";
   5: data;

Beginning computation...
Stopped due to: Both parameter and relative function convergence.


   ----  Final Results  ----

NLREG version 5.4
Copyright (c) 1992-2002 Phillip H. Sherrod.  All rights reserved.
This is a registered copy of NLREG that may not be redistributed.

Number of observations = 6
Maximum allowed number of iterations = 500
Convergence tolerance factor = 1.000000E-010
Stopped due to: Both parameter and relative function convergence.
Number of iterations performed = 11
Final sum of squared deviations = 3.5593136E-001
Final sum of deviations = -9.6524096E-002
Standard error of estimate = 0.266808
Average deviation = 0.195853
Maximum deviation for any observation = 0.408365
Proportion of variance explained (R^2) = 0.9337  (93.37%)
Adjusted coefficient of multiple determination (Ra^2) = 0.9337  (93.37%)
Durbin-Watson test for autocorrelation = 0.869
Parameter values will be written to C:\Users\peleg\OneDrive\doktorát\experiment_disertace\výsledky\fin_výsl\slovo_morfém_foném_oprava\pov_SMF\types_pov_SMF\vysl_trunc_SMF_types_pov\param_trunc_types_pov_01.par
Analysis completed  2-Apr-2023 17:16.  Runtime = 0.00 seconds.


             ----  Descriptive Statistics for Variables  ----

 Variable    Minimum value   Maximum value    Mean value     Standard dev.
----------  --------------  --------------  --------------  --------------
         x               1            6.32        3.553333        1.958843
         y            1.64            4.35             2.3        1.036494


                   ----  Calculated Parameter Values  ----

 Parameter  Initial guess   Final estimate   Standard error      t      Prob(t)
----------  -------------  ----------------  --------------  ---------  -------
         b              1      -0.646779507      0.05105458     -12.67  0.00005

