   1: variable x,y;
   2: parameter a,b;
   3: function y=a*(x^b);
   4: Plot xlabel="x-Achse",ylabel="y-Achse";
   5: data;

Beginning computation...
Stopped due to: Relative function convergence.


   ----  Final Results  ----

NLREG version 5.4
Copyright (c) 1992-2002 Phillip H. Sherrod.  All rights reserved.
This is a registered copy of NLREG that may not be redistributed.

Number of observations = 3
Maximum allowed number of iterations = 500
Convergence tolerance factor = 1.000000E-010
Stopped due to: Relative function convergence.
Number of iterations performed = 9
Final sum of squared deviations = 1.0159696E-002
Final sum of deviations = 3.6061614E-004
Standard error of estimate = 0.100795
Average deviation = 0.0544148
Maximum deviation for any observation = 0.081442
Proportion of variance explained (R^2) = 0.8558  (85.58%)
Adjusted coefficient of multiple determination (Ra^2) = 0.7116  (71.16%)
Durbin-Watson test for autocorrelation = 2.964
Parameter values will be written to C:\Users\peleg\OneDrive\doktorát\experiment_disertace\výsledky\fin_výsl\syntax\typ2\KFS2\dop_KFS2\vysl_trunc_KFS2_dop\param_trunc_KFS2_dop_07.par
Analysis completed  4-Jan-2023 19:54.  Runtime = 0.00 seconds.


             ----  Descriptive Statistics for Variables  ----

 Variable    Minimum value   Maximum value    Mean value     Standard dev.
----------  --------------  --------------  --------------  --------------
         x            1.81            4.39        3.066667        1.291291
         y            1.71            2.04        1.823333       0.1877054


                   ----  Calculated Parameter Values  ----

 Parameter  Initial guess   Final estimate   Standard error      t      Prob(t)
----------  -------------  ----------------  --------------  ---------  -------
         a              1        2.28249604       0.2121789      10.76  0.05901
         b              1      -0.215437391      0.08734811      -2.47  0.24522


                  ----  Analysis of Variance  ----

  Source     DF   Sum of Squares    Mean Square    F value   Prob(F)
----------  ----  --------------  --------------  ---------  -------
Regression     1      0.06030697      0.06030697       5.94  0.24795
Error          1       0.0101597       0.0101597
Total          2      0.07046667

