   1: variable x,y;
   2: parameter a,b,c;
   3: function y=a*(x^b)*exp(-c*x);
   4: Plot xlabel="x-Achse",ylabel="y-Achse";
   5: data;

Beginning computation...
Stopped due to: Relative function convergence.


   ----  Final Results  ----

NLREG version 5.4
Copyright (c) 1992-2002 Phillip H. Sherrod.  All rights reserved.
This is a registered copy of NLREG that may not be redistributed.

Number of observations = 10
Maximum allowed number of iterations = 500
Convergence tolerance factor = 1.000000E-010
Stopped due to: Relative function convergence.
Number of iterations performed = 13
Final sum of squared deviations = 2.1296025E-001
Final sum of deviations = -8.7512860E-004
Standard error of estimate = 0.174422
Average deviation = 0.1169
Maximum deviation for any observation = 0.316694
Proportion of variance explained (R^2) = 0.4680  (46.80%)
Adjusted coefficient of multiple determination (Ra^2) = 0.3160  (31.60%)
Durbin-Watson test for autocorrelation = 2.433
Parameter values will be written to C:\Users\peleg\OneDrive\doktorát\experiment_disertace\výsledky\fin_výsl\syntax\typ3\FSM3\pov_FSM3\vysl_compl_FSM3_pov_minus_c\param_compl_FSM3_pov_08_minus_c.par
Analysis completed  8-Apr-2023 09:59.  Runtime = 0.00 seconds.


             ----  Descriptive Statistics for Variables  ----

 Variable    Minimum value   Maximum value    Mean value     Standard dev.
----------  --------------  --------------  --------------  --------------
         x               1           24.07           8.274        7.272101
         y            1.93            2.58           2.309       0.2108949


                   ----  Calculated Parameter Values  ----

 Parameter  Initial guess   Final estimate   Standard error      t      Prob(t)
----------  -------------  ----------------  --------------  ---------  -------
         a              1         2.0159171       0.1305361      15.44  0.00001
         b              1       0.142666781      0.06592366       2.16  0.06720
         c              1      0.0136611018     0.008592906       1.59  0.15590


                  ----  Analysis of Variance  ----

  Source     DF   Sum of Squares    Mean Square    F value   Prob(F)
----------  ----  --------------  --------------  ---------  -------
Regression     2       0.1873298      0.09366488       3.08  0.10983
Error          7       0.2129602      0.03042289
Total          9         0.40029

